Component: ARM Compiler 5.06 update 7 (build 960) Tool: armlink [4d3601]

==============================================================================

Section Cross References

    startup_stm32f205xx.o(STACK) refers (Special) to heapauxi.o(.text) for __use_two_region_memory
    startup_stm32f205xx.o(HEAP) refers (Special) to heapauxi.o(.text) for __use_two_region_memory
    startup_stm32f205xx.o(RESET) refers (Special) to heapauxi.o(.text) for __use_two_region_memory
    startup_stm32f205xx.o(RESET) refers to startup_stm32f205xx.o(STACK) for __initial_sp
    startup_stm32f205xx.o(RESET) refers to startup_stm32f205xx.o(.text) for Reset_Handler
    startup_stm32f205xx.o(RESET) refers to stm32f2xx_it.o(i.NMI_Handler) for NMI_Handler
    startup_stm32f205xx.o(RESET) refers to stm32f2xx_it.o(i.HardFault_Handler) for HardFault_Handler
    startup_stm32f205xx.o(RESET) refers to stm32f2xx_it.o(i.MemManage_Handler) for MemManage_Handler
    startup_stm32f205xx.o(RESET) refers to stm32f2xx_it.o(i.BusFault_Handler) for BusFault_Handler
    startup_stm32f205xx.o(RESET) refers to stm32f2xx_it.o(i.UsageFault_Handler) for UsageFault_Handler
    startup_stm32f205xx.o(RESET) refers to port.o(.emb_text) for SVC_Handler
    startup_stm32f205xx.o(RESET) refers to stm32f2xx_it.o(i.DebugMon_Handler) for DebugMon_Handler
    startup_stm32f205xx.o(RESET) refers to port.o(i.SysTick_Handler) for SysTick_Handler
    startup_stm32f205xx.o(RESET) refers to stm32f2xx_it.o(i.DMA1_Stream1_IRQHandler) for DMA1_Stream1_IRQHandler
    startup_stm32f205xx.o(RESET) refers to stm32f2xx_it.o(i.DMA1_Stream2_IRQHandler) for DMA1_Stream2_IRQHandler
    startup_stm32f205xx.o(RESET) refers to stm32f2xx_it.o(i.DMA1_Stream4_IRQHandler) for DMA1_Stream4_IRQHandler
    startup_stm32f205xx.o(RESET) refers to stm32f2xx_it.o(i.DMA1_Stream5_IRQHandler) for DMA1_Stream5_IRQHandler
    startup_stm32f205xx.o(RESET) refers to stm32f2xx_it.o(i.ADC_IRQHandler) for ADC_IRQHandler
    startup_stm32f205xx.o(RESET) refers to stm32f2xx_it.o(i.TIM1_UP_TIM10_IRQHandler) for TIM1_UP_TIM10_IRQHandler
    startup_stm32f205xx.o(RESET) refers to stm32f2xx_it.o(i.I2C1_EV_IRQHandler) for I2C1_EV_IRQHandler
    startup_stm32f205xx.o(RESET) refers to stm32f2xx_it.o(i.I2C1_ER_IRQHandler) for I2C1_ER_IRQHandler
    startup_stm32f205xx.o(RESET) refers to stm32f2xx_it.o(i.I2C2_EV_IRQHandler) for I2C2_EV_IRQHandler
    startup_stm32f205xx.o(RESET) refers to stm32f2xx_it.o(i.I2C2_ER_IRQHandler) for I2C2_ER_IRQHandler
    startup_stm32f205xx.o(RESET) refers to stm32f2xx_it.o(i.USART2_IRQHandler) for USART2_IRQHandler
    startup_stm32f205xx.o(RESET) refers to stm32f2xx_it.o(i.USART3_IRQHandler) for USART3_IRQHandler
    startup_stm32f205xx.o(RESET) refers to stm32f2xx_it.o(i.DMA2_Stream0_IRQHandler) for DMA2_Stream0_IRQHandler
    startup_stm32f205xx.o(RESET) refers to stm32f2xx_it.o(i.I2C3_EV_IRQHandler) for I2C3_EV_IRQHandler
    startup_stm32f205xx.o(RESET) refers to stm32f2xx_it.o(i.I2C3_ER_IRQHandler) for I2C3_ER_IRQHandler
    startup_stm32f205xx.o(.text) refers (Special) to heapauxi.o(.text) for __use_two_region_memory
    startup_stm32f205xx.o(.text) refers to system_stm32f2xx.o(i.SystemInit) for SystemInit
    startup_stm32f205xx.o(.text) refers to __main.o(!!!main) for __main
    startup_stm32f205xx.o(.text) refers to startup_stm32f205xx.o(HEAP) for Heap_Mem
    startup_stm32f205xx.o(.text) refers to startup_stm32f205xx.o(STACK) for Stack_Mem
    main.o(i.HAL_TIM_PeriodElapsedCallback) refers to stm32f2xx_hal.o(i.HAL_IncTick) for HAL_IncTick
    main.o(i.SystemClock_Config) refers to rt_memclr_w.o(.text) for __aeabi_memclr4
    main.o(i.SystemClock_Config) refers to stm32f2xx_hal_rcc.o(i.HAL_RCC_OscConfig) for HAL_RCC_OscConfig
    main.o(i.SystemClock_Config) refers to stm32f2xx_hal_rcc.o(i.HAL_RCC_ClockConfig) for HAL_RCC_ClockConfig
    main.o(i.main) refers to stm32f2xx_hal.o(i.HAL_Init) for HAL_Init
    main.o(i.main) refers to main.o(i.SystemClock_Config) for SystemClock_Config
    main.o(i.main) refers to gpio.o(i.MX_GPIO_Init) for MX_GPIO_Init
    main.o(i.main) refers to dma.o(i.MX_DMA_Init) for MX_DMA_Init
    main.o(i.main) refers to adc.o(i.MX_ADC1_Init) for MX_ADC1_Init
    main.o(i.main) refers to i2c.o(i.MX_I2C1_Init) for MX_I2C1_Init
    main.o(i.main) refers to i2c.o(i.MX_I2C2_Init) for MX_I2C2_Init
    main.o(i.main) refers to i2c.o(i.MX_I2C3_Init) for MX_I2C3_Init
    main.o(i.main) refers to usart.o(i.MX_USART2_UART_Init) for MX_USART2_UART_Init
    main.o(i.main) refers to usart.o(i.MX_USART3_UART_Init) for MX_USART3_UART_Init
    main.o(i.main) refers to iwdg.o(i.MX_IWDG_Init) for MX_IWDG_Init
    main.o(i.main) refers to crc.o(i.MX_CRC_Init) for MX_CRC_Init
    main.o(i.main) refers to fatfs.o(i.MX_FATFS_Init) for MX_FATFS_Init
    main.o(i.main) refers to freertos.o(i.MX_FREERTOS_Init) for MX_FREERTOS_Init
    main.o(i.main) refers to cmsis_os.o(i.osKernelStart) for osKernelStart
[...]
    i.StartTask05                            0x08003440   Section        0  freertos.o(i.StartTask05)
    i.StartTask06                            0x08003448   Section        0  freertos.o(i.StartTask06)
    i.SysTick_Handler                        0x08003450   Section        0  port.o(i.SysTick_Handler)
    i.SystemClock_Config                     0x0800347c   Section        0  main.o(i.SystemClock_Config)
    i.SystemInit                             0x080034e6   Section        0  system_stm32f2xx.o(i.SystemInit)
    i.TIM1_UP_TIM10_IRQHandler               0x080034e8   Section        0  stm32f2xx_it.o(i.TIM1_UP_TIM10_IRQHandler)
    i.TIM_Base_SetConfig                     0x080034f4   Section        0  stm32f2xx_hal_tim.o(i.TIM_Base_SetConfig)
    i.UART_DMAAbortOnError                   0x080035bc   Section        0  stm32f2xx_hal_uart.o(i.UART_DMAAbortOnError)
    UART_DMAAbortOnError                     0x080035bd   Thumb Code    16  stm32f2xx_hal_uart.o(i.UART_DMAAbortOnError)
    i.UART_EndRxTransfer                     0x080035cc   Section        0  stm32f2xx_hal_uart.o(i.UART_EndRxTransfer)
    UART_EndRxTransfer                       0x080035cd   Thumb Code    48  stm32f2xx_hal_uart.o(i.UART_EndRxTransfer)
    i.UART_Receive_IT                        0x080035fc   Section        0  stm32f2xx_hal_uart.o(i.UART_Receive_IT)
    UART_Receive_IT                          0x080035fd   Thumb Code   182  stm32f2xx_hal_uart.o(i.UART_Receive_IT)
    i.UART_SetConfig                         0x080036b4   Section        0  stm32f2xx_hal_uart.o(i.UART_SetConfig)
    UART_SetConfig                           0x080036b5   Thumb Code   284  stm32f2xx_hal_uart.o(i.UART_SetConfig)
    i.USART2_IRQHandler                      0x080037d8   Section        0  stm32f2xx_it.o(i.USART2_IRQHandler)
    i.USART3_IRQHandler                      0x080037e4   Section        0  stm32f2xx_it.o(i.USART3_IRQHandler)
    i.USER_initialize                        0x080037f0   Section        0  user_diskio.o(i.USER_initialize)
    i.USER_ioctl                             0x08003800   Section        0  user_diskio.o(i.USER_ioctl)
    i.USER_read                              0x08003804   Section        0  user_diskio.o(i.USER_read)
    i.USER_status                            0x08003808   Section        0  user_diskio.o(i.USER_status)
    i.USER_write                             0x08003818   Section        0  user_diskio.o(i.USER_write)
    i.UsageFault_Handler                     0x0800381c   Section        0  stm32f2xx_it.o(i.UsageFault_Handler)
    i.__NVIC_SetPriority                     0x0800381e   Section        0  stm32f2xx_hal_cortex.o(i.__NVIC_SetPriority)
    __NVIC_SetPriority                       0x0800381f   Thumb Code    32  stm32f2xx_hal_cortex.o(i.__NVIC_SetPriority)
    i.main                                   0x0800383e   Section        0  main.o(i.main)
    i.makeFreeRtosPriority                   0x0800387c   Section        0  cmsis_os.o(i.makeFreeRtosPriority)
    makeFreeRtosPriority                     0x0800387d   Thumb Code    12  cmsis_os.o(i.makeFreeRtosPriority)
    i.osDelay                                0x08003888   Section        0  cmsis_os.o(i.osDelay)
    i.osKernelStart                          0x08003896   Section        0  cmsis_os.o(i.osKernelStart)
    i.osMessageCreate                        0x080038a0   Section        0  cmsis_os.o(i.osMessageCreate)
    i.osMutexCreate                          0x080038c6   Section        0  cmsis_os.o(i.osMutexCreate)
    i.osThreadCreate                         0x080038d6   Section        0  cmsis_os.o(i.osThreadCreate)
    i.prvAddCurrentTaskToDelayedList         0x0800392c   Section        0  tasks.o(i.prvAddCurrentTaskToDelayedList)
    prvAddCurrentTaskToDelayedList           0x0800392d   Thumb Code   102  tasks.o(i.prvAddCurrentTaskToDelayedList)
    i.prvAddNewTaskToReadyList               0x0800399c   Section        0  tasks.o(i.prvAddNewTaskToReadyList)
    prvAddNewTaskToReadyList                 0x0800399d   Thumb Code   194  tasks.o(i.prvAddNewTaskToReadyList)
    i.prvCopyDataToQueue                     0x08003a6c   Section        0  queue.o(i.prvCopyDataToQueue)
    prvCopyDataToQueue                       0x08003a6d   Thumb Code   108  queue.o(i.prvCopyDataToQueue)
    i.prvDeleteTCB                           0x08003ad8   Section        0  tasks.o(i.prvDeleteTCB)
    prvDeleteTCB                             0x08003ad9   Thumb Code    52  tasks.o(i.prvDeleteTCB)
    i.prvHeapInit                            0x08003b0c   Section        0  heap_4.o(i.prvHeapInit)
    prvHeapInit                              0x08003b0d   Thumb Code    66  heap_4.o(i.prvHeapInit)
    i.prvIdleTask                            0x08003b58   Section        0  tasks.o(i.prvIdleTask)
    prvIdleTask                              0x08003b59   Thumb Code    82  tasks.o(i.prvIdleTask)
    i.prvInitialiseMutex                     0x08003bb8   Section        0  queue.o(i.prvInitialiseMutex)
    prvInitialiseMutex                       0x08003bb9   Thumb Code    22  queue.o(i.prvInitialiseMutex)
    i.prvInitialiseNewQueue                  0x08003bce   Section        0  queue.o(i.prvInitialiseNewQueue)
    prvInitialiseNewQueue                    0x08003bcf   Thumb Code    22  queue.o(i.prvInitialiseNewQueue)
    i.prvInitialiseNewTask                   0x08003be4   Section        0  tasks.o(i.prvInitialiseNewTask)
    prvInitialiseNewTask                     0x08003be5   Thumb Code   142  tasks.o(i.prvInitialiseNewTask)
    i.prvInsertBlockIntoFreeList             0x08003c74   Section        0  heap_4.o(i.prvInsertBlockIntoFreeList)
    prvInsertBlockIntoFreeList               0x08003c75   Thumb Code    72  heap_4.o(i.prvInsertBlockIntoFreeList)
    i.prvResetNextTaskUnblockTime            0x08003cc0   Section        0  tasks.o(i.prvResetNextTaskUnblockTime)
    prvResetNextTaskUnblockTime              0x08003cc1   Thumb Code    26  tasks.o(i.prvResetNextTaskUnblockTime)
    i.prvTaskExitError                       0x08003ce0   Section        0  port.o(i.prvTaskExitError)
    prvTaskExitError                         0x08003ce1   Thumb Code    36  port.o(i.prvTaskExitError)
    i.prvUnlockQueue                         0x08003d08   Section        0  queue.o(i.prvUnlockQueue)
    prvUnlockQueue                           0x08003d09   Thumb Code   106  queue.o(i.prvUnlockQueue)
    i.pvPortMalloc                           0x08003d74   Section        0  heap_4.o(i.pvPortMalloc)
    i.pxPortInitialiseStack                  0x08003e4c   Section        0  port.o(i.pxPortInitialiseStack)
    i.uxListRemove                           0x08003e70   Section        0  list.o(i.uxListRemove)
    i.vApplicationGetIdleTaskMemory          0x08003e98   Section        0  freertos.o(i.vApplicationGetIdleTaskMemory)
    i.vListInitialise                        0x08003eac   Section        0  list.o(i.vListInitialise)
    i.vListInitialiseItem                    0x08003ec2   Section        0  list.o(i.vListInitialiseItem)
    i.vListInsert                            0x08003ec8   Section        0  list.o(i.vListInsert)
    i.vListInsertEnd                         0x08003ef8   Section        0  list.o(i.vListInsertEnd)
    i.vPortEnterCritical                     0x08003f10   Section        0  port.o(i.vPortEnterCritical)
    i.vPortExitCritical                      0x08003f50   Section        0  port.o(i.vPortExitCritical)
    i.vPortFree                              0x08003f78   Section        0  heap_4.o(i.vPortFree)
    i.vPortSetupTimerInterrupt               0x08003fd4   Section        0  port.o(i.vPortSetupTimerInterrupt)
    i.vTaskDelay                             0x08003ff8   Section        0  tasks.o(i.vTaskDelay)
    i.vTaskInternalSetTimeOutState           0x08004044   Section        0  tasks.o(i.vTaskInternalSetTimeOutState)
    i.vTaskMissedYield                       0x08004054   Section        0  tasks.o(i.vTaskMissedYield)
    i.vTaskPlaceOnEventList                  0x08004060   Section        0  tasks.o(i.vTaskPlaceOnEventList)
    i.vTaskStartScheduler                    0x08004090   Section        0  tasks.o(i.vTaskStartScheduler)
    i.vTaskSuspendAll                        0x080040fc   Section        0  tasks.o(i.vTaskSuspendAll)
    i.vTaskSwitchContext                     0x0800410c   Section        0  tasks.o(i.vTaskSwitchContext)
    i.xPortStartScheduler                    0x08004168   Section        0  port.o(i.xPortStartScheduler)
    i.xQueueCreateMutex                      0x08004210   Section        0  queue.o(i.xQueueCreateMutex)
    i.xQueueCreateMutexStatic                0x08004226   Section        0  queue.o(i.xQueueCreateMutexStatic)
    i.xQueueGenericCreate                    0x08004240   Section        0  queue.o(i.xQueueGenericCreate)
    i.xQueueGenericCreateStatic              0x08004288   Section        0  queue.o(i.xQueueGenericCreateStatic)
    i.xQueueGenericReset                     0x080042f0   Section        0  queue.o(i.xQueueGenericReset)
    i.xQueueGenericSend                      0x08004378   Section        0  queue.o(i.xQueueGenericSend)
    i.xTaskCheckForTimeOut                   0x080044d8   Section        0  tasks.o(i.xTaskCheckForTimeOut)
    i.xTaskCreate                            0x0800454c   Section        0  tasks.o(i.xTaskCreate)
    i.xTaskCreateStatic                      0x080045a6   Section        0  tasks.o(i.xTaskCreateStatic)
    i.xTaskGetSchedulerState                 0x080045fc   Section        0  tasks.o(i.xTaskGetSchedulerState)
    i.xTaskIncrementTick                     0x08004618   Section        0  tasks.o(i.xTaskIncrementTick)
    i.xTaskPriorityDisinherit                0x080046e0   Section        0  tasks.o(i.xTaskPriorityDisinherit)
    i.xTaskRemoveFromEventList               0x08004778   Section        0  tasks.o(i.xTaskRemoveFromEventList)
    i.xTaskResumeAll                         0x080047ec   Section        0  tasks.o(i.xTaskResumeAll)
    .constdata                               0x080048b0   Section      264  freertos.o(.constdata)
    .constdata                               0x080049b8   Section        8  stm32f2xx_hal_dma.o(.constdata)
    flagBitshiftOffset                       0x080049b8   Data           8  stm32f2xx_hal_dma.o(.constdata)
    .constdata                               0x080049c0   Section       16  system_stm32f2xx.o(.constdata)
    .constdata                               0x080049d0   Section        8  system_stm32f2xx.o(.constdata)
    .conststring                             0x080049d8   Section       72  freertos.o(.conststring)
    .data                                    0x20000000   Section       56  freertos.o(.data)
    .data                                    0x20000038   Section        8  crc.o(.data)
    .data                                    0x20000040   Section       12  stm32f2xx_hal.o(.data)
    .data                                    0x2000004c   Section        4  system_stm32f2xx.o(.data)
    .data                                    0x20000050   Section       60  tasks.o(.data)
    pxDelayedTaskList                        0x20000054   Data           4  tasks.o(.data)
    pxOverflowDelayedTaskList                0x20000058   Data           4  tasks.o(.data)
    uxDeletedTasksWaitingCleanUp             0x2000005c   Data           4  tasks.o(.data)
    uxCurrentNumberOfTasks                   0x20000060   Data           4  tasks.o(.data)
    xTickCount                               0x20000064   Data           4  tasks.o(.data)
    uxTopReadyPriority                       0x20000068   Data           4  tasks.o(.data)
    xSchedulerRunning                        0x2000006c   Data           4  tasks.o(.data)
    uxPendedTicks                            0x20000070   Data           4  tasks.o(.data)
    xYieldPending                            0x20000074   Data           4  tasks.o(.data)
    xNumOfOverflows                          0x20000078   Data           4  tasks.o(.data)
    uxTaskNumber                             0x2000007c   Data           4  tasks.o(.data)
    xNextTaskUnblockTime                     0x20000080   Data           4  tasks.o(.data)
    xIdleTaskHandle                          0x20000084   Data           4  tasks.o(.data)
    uxSchedulerSuspended                     0x20000088   Data           4  tasks.o(.data)
    .data                                    0x2000008c   Section       24  heap_4.o(.data)
    pxEnd                                    0x2000008c   Data           4  heap_4.o(.data)
    xFreeBytesRemaining                      0x20000090   Data           4  heap_4.o(.data)
    xMinimumEverFreeBytesRemaining           0x20000094   Data           4  heap_4.o(.data)
    xBlockAllocatedBit                       0x20000098   Data           4  heap_4.o(.data)
    xStart                                   0x2000009c   Data           8  heap_4.o(.data)
    .data                                    0x200000a4   Section       12  port.o(.data)
    ucMaxSysCallPriority                     0x200000a4   Data           1  port.o(.data)
    uxCriticalNesting                        0x200000a8   Data           4  port.o(.data)
    ulMaxPRIGROUPValue                       0x200000ac   Data           4  port.o(.data)
    .data                                    0x200000b0   Section        1  user_diskio.o(.data)
    Stat                                     0x200000b0   Data           1  user_diskio.o(.data)
    .data                                    0x200000b4   Section       20  user_diskio.o(.data)
    .data                                    0x200000c8   Section        5  fatfs.o(.data)
    .bss                                     0x200000d0   Section      596  freertos.o(.bss)
    xIdleTaskTCBBuffer                       0x200000d0   Data          84  freertos.o(.bss)
    xIdleStack                               0x20000124   Data         512  freertos.o(.bss)
    .bss                                     0x20000324   Section      168  adc.o(.bss)
    .bss                                     0x200003cc   Section      444  i2c.o(.bss)
    .bss                                     0x20000588   Section       12  iwdg.o(.bss)
    .bss                                     0x20000594   Section      328  usart.o(.bss)
    .bss                                     0x200006dc   Section       72  stm32f2xx_hal_timebase_tim.o(.bss)
    .bss                                     0x20000724   Section      240  tasks.o(.bss)
    pxReadyTasksLists                        0x20000724   Data         140  tasks.o(.bss)
    xDelayedTaskList1                        0x200007b0   Data          20  tasks.o(.bss)
    xDelayedTaskList2                        0x200007c4   Data          20  tasks.o(.bss)
    xPendingReadyList                        0x200007d8   Data          20  tasks.o(.bss)
    xTasksWaitingTermination                 0x200007ec   Data          20  tasks.o(.bss)
    xSuspendedTaskList                       0x20000800   Data          20  tasks.o(.bss)
    .bss                                     0x20000814   Section    15360  heap_4.o(.bss)
    ucHeap                                   0x20000814   Data       15360  heap_4.o(.bss)
    .bss                                     0x20004414   Section       12  ff_gen_drv.o(.bss)
    .bss                                     0x20004420   Section       96  libspace.o(.bss)
    HEAP                                     0x20004480   Section      512  startup_stm32f205xx.o(HEAP)
    Heap_Mem                                 0x20004480   Data         512  startup_stm32f205xx.o(HEAP)
    STACK                                    0x20004680   Section     1024  startup_stm32f205xx.o(STACK)
    Stack_Mem                                0x20004680   Data        1024  startup_stm32f205xx.o(STACK)
    __initial_sp                             0x20004a80   Data           0  startup_stm32f205xx.o(STACK)

    Global Symbols

    Symbol Name                              Value     Ov Type        Size  Object(Section)

    BuildAttributes$$THM_ISAv4$P$D$K$B$S$PE$A:L22UL41UL21$X:L11$S22US41US21$IEEE1$IW$USESV6$~STKCKD$USESV7$~SHL$OSPACE$ROPI$EBA8$UX$STANDARDLIB$REQ8$PRES8$EABIv2 0x00000000   Number         0  anon$$obj.o ABSOLUTE
    __ARM_use_no_argv                        0x00000000   Number         0  main.o ABSOLUTE
    __ARM_exceptions_init                     - Undefined Weak Reference
    __alloca_initialize                       - Undefined Weak Reference
    __arm_fini_                               - Undefined Weak Reference
    __arm_preinit_                            - Undefined Weak Reference
    __cpp_initialize__aeabi_                  - Undefined Weak Reference
    __cxa_finalize                            - Undefined Weak Reference
    __rt_locale                               - Undefined Weak Reference
    __sigvec_lookup                           - Undefined Weak Reference
    _atexit_init                              - Undefined Weak Reference
    _call_atexit_fns                          - Undefined Weak Reference
    _clock_init                               - Undefined Weak Reference
    _fp_trap_init                             - Undefined Weak Reference
    _fp_trap_shutdown                         - Undefined Weak Reference
    _get_lc_collate                           - Undefined Weak Reference
    _get_lc_ctype                             - Undefined Weak Reference
    _get_lc_monetary                          - Undefined Weak Reference
    _get_lc_numeric                           - Undefined Weak Reference
    _get_lc_time                              - Undefined Weak Reference
    _getenv_init                              - Undefined Weak Reference
    _handle_redirection                       - Undefined Weak Reference
    _init_alloc                               - Undefined Weak Reference
    _init_user_alloc                          - Undefined Weak Reference
    _initio                                   - Undefined Weak Reference
    _rand_init                                - Undefined Weak Reference
    _signal_finish                            - Undefined Weak Reference
    _signal_init                              - Undefined Weak Reference
    _terminate_alloc                          - Undefined Weak Reference
    _terminate_user_alloc                     - Undefined Weak Reference
    _terminateio                              - Undefined Weak Reference
    __Vectors_Size                           0x00000184   Number         0  startup_stm32f205xx.o ABSOLUTE
    __Vectors                                0x08000000   Data           4  startup_stm32f205xx.o(RESET)
    __Vectors_End                            0x08000184   Data           0  startup_stm32f205xx.o(RESET)
    __main                                   0x08000185   Thumb Code     8  __main.o(!!!main)
    __scatterload                            0x0800018d   Thumb Code     0  __scatter.o(!!!scatter)
    __scatterload_rt2                        0x0800018d   Thumb Code    44  __scatter.o(!!!scatter)
    __scatterload_rt2_thumb_only             0x0800018d   Thumb Code     0  __scatter.o(!!!scatter)
    __scatterload_null                       0x0800019b   Thumb Code     0  __scatter.o(!!!scatter)
    __scatterload_copy                       0x080001c1   Thumb Code    26  __scatter_copy.o(!!handler_copy)
    __scatterload_zeroinit                   0x080001dd   Thumb Code    28  __scatter_zi.o(!!handler_zi)
    __rt_lib_init                            0x080001f9   Thumb Code     0  libinit.o(.ARM.Collect$$libinit$$00000000)
    __rt_lib_init_alloca_1                   0x080001fb   Thumb Code     0  libinit2.o(.ARM.Collect$$libinit$$0000002E)
    __rt_lib_init_argv_1                     0x080001fb   Thumb Code     0  libinit2.o(.ARM.Collect$$libinit$$0000002C)
    __rt_lib_init_atexit_1                   0x080001fb   Thumb Code     0  libinit2.o(.ARM.Collect$$libinit$$0000001B)
    __rt_lib_init_clock_1                    0x080001fb   Thumb Code     0  libinit2.o(.ARM.Collect$$libinit$$00000021)
    __rt_lib_init_cpp_1                      0x080001fb   Thumb Code     0  libinit2.o(.ARM.Collect$$libinit$$00000032)
    __rt_lib_init_exceptions_1               0x080001fb   Thumb Code     0  libinit2.o(.ARM.Collect$$libinit$$00000030)
    __rt_lib_init_fp_1                       0x080001fb   Thumb Code     0  libinit2.o(.ARM.Collect$$libinit$$00000002)
    __rt_lib_init_fp_trap_1                  0x080001fb   Thumb Code     0  libinit2.o(.ARM.Collect$$libinit$$0000001F)
    __rt_lib_init_getenv_1                   0x080001fb   Thumb Code     0  libinit2.o(.ARM.Collect$$libinit$$00000023)
    __rt_lib_init_heap_1                     0x080001fb   Thumb Code     0  libinit2.o(.ARM.Collect$$libinit$$0000000A)
    __rt_lib_init_lc_collate_1               0x080001fb   Thumb Code     0  libinit2.o(.ARM.Collect$$libinit$$00000011)
    __rt_lib_init_lc_ctype_1                 0x080001fb   Thumb Code     0  libinit2.o(.ARM.Collect$$libinit$$00000013)
    __rt_lib_init_lc_monetary_1              0x080001fb   Thumb Code     0  libinit2.o(.ARM.Collect$$libinit$$00000015)
    __rt_lib_init_lc_numeric_1               0x080001fb   Thumb Code     0  libinit2.o(.ARM.Collect$$libinit$$00000017)
    __rt_lib_init_lc_time_1                  0x080001fb   Thumb Code     0  libinit2.o(.ARM.Collect$$libinit$$00000019)
    __rt_lib_init_preinit_1                  0x080001fb   Thumb Code     0  libinit2.o(.ARM.Collect$$libinit$$00000004)
    __rt_lib_init_rand_1                     0x080001fb   Thumb Code     0  libinit2.o(.ARM.Collect$$libinit$$0000000E)
    __rt_lib_init_return                     0x080001fb   Thumb Code     0  libinit2.o(.ARM.Collect$$libinit$$00000033)
    __rt_lib_init_signal_1                   0x080001fb   Thumb Code     0  libinit2.o(.ARM.Collect$$libinit$$0000001D)
    __rt_lib_init_stdio_1                    0x080001fb   Thumb Code     0  libinit2.o(.ARM.Collect$$libinit$$00000025)
    __rt_lib_init_user_alloc_1               0x080001fb   Thumb Code     0  libinit2.o(.ARM.Collect$$libinit$$0000000C)
    __rt_lib_shutdown                        0x080001fd   Thumb Code     0  libshutdown.o(.ARM.Collect$$libshutdown$$00000000)
    __rt_lib_shutdown_cpp_1                  0x080001ff   Thumb Code     0  libshutdown2.o(.ARM.Collect$$libshutdown$$00000004)
    __rt_lib_shutdown_fini_1                 0x080001ff   Thumb Code     0  libshutdown2.o(.ARM.Collect$$libshutdown$$00000002)
    __rt_lib_shutdown_fp_trap_1              0x080001ff   Thumb Code     0  libshutdown2.o(.ARM.Collect$$libshutdown$$00000009)
    __rt_lib_shutdown_heap_1                 0x080001ff   Thumb Code     0  libshutdown2.o(.ARM.Collect$$libshutdown$$00000011)
    __rt_lib_shutdown_return                 0x080001ff   Thumb Code     0  libshutdown2.o(.ARM.Collect$$libshutdown$$00000012)
    __rt_lib_shutdown_signal_1               0x080001ff   Thumb Code     0  libshutdown2.o(.ARM.Collect$$libshutdown$$0000000C)
    __rt_lib_shutdown_stdio_1                0x080001ff   Thumb Code     0  libshutdown2.o(.ARM.Collect$$libshutdown$$00000006)
    __rt_lib_shutdown_user_alloc_1           0x080001ff   Thumb Code     0  libshutdown2.o(.ARM.Collect$$libshutdown$$0000000E)
    __rt_entry                               0x08000201   Thumb Code     0  __rtentry.o(.ARM.Collect$$rtentry$$00000000)
    __rt_entry_presh_1                       0x08000201   Thumb Code     0  __rtentry2.o(.ARM.Collect$$rtentry$$00000002)
    __rt_entry_sh                            0x08000201   Thumb Code     0  __rtentry4.o(.ARM.Collect$$rtentry$$00000004)
    __rt_entry_li                            0x08000207   Thumb Code     0  __rtentry2.o(.ARM.Collect$$rtentry$$0000000A)
    __rt_entry_postsh_1                      0x08000207   Thumb Code     0  __rtentry2.o(.ARM.Collect$$rtentry$$00000009)
    __rt_entry_main                          0x0800020b   Thumb Code     0  __rtentry2.o(.ARM.Collect$$rtentry$$0000000D)
    __rt_entry_postli_1                      0x0800020b   Thumb Code     0  __rtentry2.o(.ARM.Collect$$rtentry$$0000000C)
    __rt_exit                                0x08000213   Thumb Code     0  rtexit.o(.ARM.Collect$$rtexit$$00000000)
    __rt_exit_ls                             0x08000215   Thumb Code     0  rtexit2.o(.ARM.Collect$$rtexit$$00000003)
    __rt_exit_prels_1                        0x08000215   Thumb Code     0  rtexit2.o(.ARM.Collect$$rtexit$$00000002)
    __rt_exit_exit                           0x08000219   Thumb Code     0  rtexit2.o(.ARM.Collect$$rtexit$$00000004)
    SVC_Handler                              0x08000221   Thumb Code    32  port.o(.emb_text)
    __asm___6_port_c_39a90d8d__prvStartFirstTask 0x08000245   Thumb Code    28  port.o(.emb_text)
    PendSV_Handler                           0x08000265   Thumb Code    72  port.o(.emb_text)
    vPortGetIPSR                             0x080002b1   Thumb Code     6  port.o(.emb_text)
    Reset_Handler                            0x080002b9   Thumb Code     8  startup_stm32f205xx.o(.text)
    CAN1_RX0_IRQHandler                      0x080002d3   Thumb Code     0  startup_stm32f205xx.o(.text)
    CAN1_RX1_IRQHandler                      0x080002d3   Thumb Code     0  startup_stm32f205xx.o(.text)
    CAN1_SCE_IRQHandler                      0x080002d3   Thumb Code     0  startup_stm32f205xx.o(.text)
    CAN1_TX_IRQHandler                       0x080002d3   Thumb Code     0  startup_stm32f205xx.o(.text)
    CAN2_RX0_IRQHandler                      0x080002d3   Thumb Code     0  startup_stm32f205xx.o(.text)
    CAN2_RX1_IRQHandler                      0x080002d3   Thumb Code     0  startup_stm32f205xx.o(.text)
    CAN2_SCE_IRQHandler                      0x080002d3   Thumb Code     0  startup_stm32f205xx.o(.text)
    CAN2_TX_IRQHandler                       0x080002d3   Thumb Code     0  startup_stm32f205xx.o(.text)
    DMA1_Stream0_IRQHandler                  0x080002d3   Thumb Code     0  startup_stm32f205xx.o(.text)
    DMA1_Stream3_IRQHandler                  0x080002d3   Thumb Code     0  startup_stm32f205xx.o(.text)
    DMA1_Stream6_IRQHandler                  0x080002d3   Thumb Code     0  startup_stm32f205xx.o(.text)
    DMA1_Stream7_IRQHandler                  0x080002d3   Thumb Code     0  startup_stm32f205xx.o(.text)
    DMA2_Stream1_IRQHandler                  0x080002d3   Thumb Code     0  startup_stm32f205xx.o(.text)
    DMA2_Stream2_IRQHandler                  0x080002d3   Thumb Code     0  startup_stm32f205xx.o(.text)
    DMA2_Stream3_IRQHandler                  0x080002d3   Thumb Code     0  startup_stm32f205xx.o(.text)
    DMA2_Stream4_IRQHandler                  0x080002d3   Thumb Code     0  startup_stm32f205xx.o(.text)
    DMA2_Stream5_IRQHandler                  0x080002d3   Thumb Code     0  startup_stm32f205xx.o(.text)
    DMA2_Stream6_IRQHandler                  0x080002d3   Thumb Code     0  startup_stm32f205xx.o(.text)
    DMA2_Stream7_IRQHandler                  0x080002d3   Thumb Code     0  startup_stm32f205xx.o(.text)
    EXTI0_IRQHandler                         0x080002d3   Thumb Code     0  startup_stm32f205xx.o(.text)
    EXTI15_10_IRQHandler                     0x080002d3   Thumb Code     0  startup_stm32f205xx.o(.text)
    EXTI1_IRQHandler                         0x080002d3   Thumb Code     0  startup_stm32f205xx.o(.text)
    EXTI2_IRQHandler                         0x080002d3   Thumb Code     0  startup_stm32f205xx.o(.text)
    EXTI3_IRQHandler                         0x080002d3   Thumb Code     0  startup_stm32f205xx.o(.text)
    EXTI4_IRQHandler                         0x080002d3   Thumb Code     0  startup_stm32f205xx.o(.text)
    EXTI9_5_IRQHandler                       0x080002d3   Thumb Code     0  startup_stm32f205xx.o(.text)
    FLASH_IRQHandler                         0x080002d3   Thumb Code     0  startup_stm32f205xx.o(.text)
    FSMC_IRQHandler                          0x080002d3   Thumb Code     0  startup_stm32f205xx.o(.text)
    HASH_RNG_IRQHandler                      0x080002d3   Thumb Code     0  startup_stm32f205xx.o(.text)
    OTG_FS_IRQHandler                        0x080002d3   Thumb Code     0  startup_stm32f205xx.o(.text)
    OTG_FS_WKUP_IRQHandler                   0x080002d3   Thumb Code     0  startup_stm32f205xx.o(.text)
    OTG_HS_EP1_IN_IRQHandler                 0x080002d3   Thumb Code     0  startup_stm32f205xx.o(.text)
    OTG_HS_EP1_OUT_IRQHandler                0x080002d3   Thumb Code     0  startup_stm32f205xx.o(.text)
    OTG_HS_IRQHandler                        0x080002d3   Thumb Code     0  startup_stm32f205xx.o(.text)
    OTG_HS_WKUP_IRQHandler                   0x080002d3   Thumb Code     0  startup_stm32f205xx.o(.text)
    PVD_IRQHandler                           0x080002d3   Thumb Code     0  startup_stm32f205xx.o(.text)
    RCC_IRQHandler                           0x080002d3   Thumb Code     0  startup_stm32f205xx.o(.text)
    RTC_Alarm_IRQHandler                     0x080002d3   Thumb Code     0  startup_stm32f205xx.o(.text)
    RTC_WKUP_IRQHandler                      0x080002d3   Thumb Code     0  startup_stm32f205xx.o(.text)
    SDIO_IRQHandler                          0x080002d3   Thumb Code     0  startup_stm32f205xx.o(.text)
    SPI1_IRQHandler                          0x080002d3   Thumb Code     0  startup_stm32f205xx.o(.text)
    SPI2_IRQHandler                          0x080002d3   Thumb Code     0  startup_stm32f205xx.o(.text)
    SPI3_IRQHandler                          0x080002d3   Thumb Code     0  startup_stm32f205xx.o(.text)
    TAMP_STAMP_IRQHandler                    0x080002d3   Thumb Code     0  startup_stm32f205xx.o(.text)
    TIM1_BRK_TIM9_IRQHandler                 0x080002d3   Thumb Code     0  startup_stm32f205xx.o(.text)
    TIM1_CC_IRQHandler                       0x080002d3   Thumb Code     0  startup_stm32f205xx.o(.text)
    TIM1_TRG_COM_TIM11_IRQHandler            0x080002d3   Thumb Code     0  startup_stm32f205xx.o(.text)
    TIM2_IRQHandler                          0x080002d3   Thumb Code     0  startup_stm32f205xx.o(.text)
    TIM3_IRQHandler                          0x080002d3   Thumb Code     0  startup_stm32f205xx.o(.text)
    TIM4_IRQHandler                          0x080002d3   Thumb Code     0  startup_stm32f205xx.o(.text)
    TIM5_IRQHandler                          0x080002d3   Thumb Code     0  startup_stm32f205xx.o(.text)
    TIM6_DAC_IRQHandler                      0x080002d3   Thumb Code     0  startup_stm32f205xx.o(.text)
    TIM7_IRQHandler                          0x080002d3   Thumb Code     0  startup_stm32f205xx.o(.text)
    TIM8_BRK_TIM12_IRQHandler                0x080002d3   Thumb Code     0  startup_stm32f205xx.o(.text)
    TIM8_CC_IRQHandler                       0x080002d3   Thumb Code     0  startup_stm32f205xx.o(.text)
    TIM8_TRG_COM_TIM14_IRQHandler            0x080002d3   Thumb Code     0  startup_stm32f205xx.o(.text)
    TIM8_UP_TIM13_IRQHandler                 0x080002d3   Thumb Code     0  startup_stm32f205xx.o(.text)
    UART4_IRQHandler                         0x080002d3   Thumb Code     0  startup_stm32f205xx.o(.text)
    UART5_IRQHandler                         0x080002d3   Thumb Code     0  startup_stm32f205xx.o(.text)
    USART1_IRQHandler                        0x080002d3   Thumb Code     0  startup_stm32f205xx.o(.text)
    USART6_IRQHandler                        0x080002d3   Thumb Code     0  startup_stm32f205xx.o(.text)
    WWDG_IRQHandler                          0x080002d3   Thumb Code     0  startup_stm32f205xx.o(.text)
    __user_initial_stackheap                 0x080002d5   Thumb Code     0  startup_stm32f205xx.o(.text)
    __aeabi_uldivmod                         0x080002f9   Thumb Code     0  lludivv7m.o(.text)
    _ll_udiv                                 0x080002f9   Thumb Code   238  lludivv7m.o(.text)
    __aeabi_memcpy                           0x080003e7   Thumb Code     0  rt_memcpy_v6.o(.text)
    __rt_memcpy                              0x080003e7   Thumb Code   138  rt_memcpy_v6.o(.text)
    _memcpy_lastbytes                        0x0800044d   Thumb Code     0  rt_memcpy_v6.o(.text)
    __aeabi_memcpy4                          0x08000471   Thumb Code     0  rt_memcpy_w.o(.text)
    __aeabi_memcpy8                          0x08000471   Thumb Code     0  rt_memcpy_w.o(.text)
    __rt_memcpy_w                            0x08000471   Thumb Code   100  rt_memcpy_w.o(.text)
    _memcpy_lastbytes_aligned                0x080004b9   Thumb Code     0  rt_memcpy_w.o(.text)
    __aeabi_memclr4                          0x080004d5   Thumb Code     0  rt_memclr_w.o(.text)
    __aeabi_memclr8                          0x080004d5   Thumb Code     0  rt_memclr_w.o(.text)
    __rt_memclr_w                            0x080004d5   Thumb Code    78  rt_memclr_w.o(.text)
    _memset_w                                0x080004d9   Thumb Code     0  rt_memclr_w.o(.text)
    __use_two_region_memory                  0x08000523   Thumb Code     2  heapauxi.o(.text)
    __rt_heap_escrow$2region                 0x08000525   Thumb Code     2  heapauxi.o(.text)
    __rt_heap_expand$2region                 0x08000527   Thumb Code     2  heapauxi.o(.text)
    __user_setup_stackheap                   0x08000529   Thumb Code    74  sys_stackheap_outer.o(.text)
    exit                                     0x08000573   Thumb Code    18  exit.o(.text)
    __user_libspace                          0x08000585   Thumb Code     8  libspace.o(.text)
    __user_perproc_libspace                  0x08000585   Thumb Code     0  libspace.o(.text)
    __user_perthread_libspace                0x08000585   Thumb Code     0  libspace.o(.text)
    _sys_exit                                0x0800058d   Thumb Code     8  sys_exit.o(.text)
    __I$use$semihosting                      0x08000599   Thumb Code     0  use_no_semi.o(.text)
    __use_no_semihosting_swi                 0x08000599   Thumb Code     2  use_no_semi.o(.text)
    __semihosting_library_function           0x0800059b   Thumb Code     0  indicate_semi.o(.text)
    ADC_IRQHandler                           0x0800059d   Thumb Code     6  stm32f2xx_it.o(i.ADC_IRQHandler)
    BusFault_Handler                         0x080006e1   Thumb Code     2  stm32f2xx_it.o(i.BusFault_Handler)
    DMA1_Stream1_IRQHandler                  0x080006e5   Thumb Code     6  stm32f2xx_it.o(i.DMA1_Stream1_IRQHandler)
    DMA1_Stream2_IRQHandler                  0x080006f1   Thumb Code     6  stm32f2xx_it.o(i.DMA1_Stream2_IRQHandler)
    DMA1_Stream4_IRQHandler                  0x080006fd   Thumb Code     6  stm32f2xx_it.o(i.DMA1_Stream4_IRQHandler)
    DMA1_Stream5_IRQHandler                  0x08000709   Thumb Code     6  stm32f2xx_it.o(i.DMA1_Stream5_IRQHandler)
    DMA2_Stream0_IRQHandler                  0x08000715   Thumb Code     6  stm32f2xx_it.o(i.DMA2_Stream0_IRQHandler)
    DebugMon_Handler                         0x0800079d   Thumb Code     2  stm32f2xx_it.o(i.DebugMon_Handler)
    Error_Handler                            0x0800079f   Thumb Code     4  main.o(i.Error_Handler)
    FATFS_LinkDriver                         0x080007a3   Thumb Code     6  ff_gen_drv.o(i.FATFS_LinkDriver)
    FATFS_LinkDriverEx                       0x080007a9   Thumb Code    60  ff_gen_drv.o(i.FATFS_LinkDriverEx)
    HAL_ADCEx_InjectedConvCpltCallback       0x080007e9   Thumb Code     2  stm32f2xx_hal_adc_ex.o(i.HAL_ADCEx_InjectedConvCpltCallback)
    HAL_ADC_ConfigChannel                    0x080007ed   Thumb Code   322  stm32f2xx_hal_adc.o(i.HAL_ADC_ConfigChannel)
    HAL_ADC_ConvCpltCallback                 0x0800093d   Thumb Code     2  stm32f2xx_hal_adc.o(i.HAL_ADC_ConvCpltCallback)
    HAL_ADC_ErrorCallback                    0x0800093f   Thumb Code     2  stm32f2xx_hal_adc.o(i.HAL_ADC_ErrorCallback)
    HAL_ADC_IRQHandler                       0x08000941   Thumb Code   316  stm32f2xx_hal_adc.o(i.HAL_ADC_IRQHandler)
    HAL_ADC_Init                             0x08000a7d   Thumb Code    84  stm32f2xx_hal_adc.o(i.HAL_ADC_Init)
    HAL_ADC_LevelOutOfWindowCallback         0x08000ad1   Thumb Code     2  stm32f2xx_hal_adc.o(i.HAL_ADC_LevelOutOfWindowCallback)
    HAL_ADC_MspInit                          0x08000ad5   Thumb Code   148  adc.o(i.HAL_ADC_MspInit)
    HAL_CRC_Init                             0x08000b7d   Thumb Code    34  stm32f2xx_hal_crc.o(i.HAL_CRC_Init)
    HAL_CRC_MspInit                          0x08000ba1   Thumb Code    30  crc.o(i.HAL_CRC_MspInit)
    HAL_DMA_Abort                            0x08000bc9   Thumb Code   146  stm32f2xx_hal_dma.o(i.HAL_DMA_Abort)
    HAL_DMA_Abort_IT                         0x08000c5b   Thumb Code    36  stm32f2xx_hal_dma.o(i.HAL_DMA_Abort_IT)
    HAL_DMA_GetState                         0x08000c7f   Thumb Code     6  stm32f2xx_hal_dma.o(i.HAL_DMA_GetState)
    HAL_DMA_IRQHandler                       0x08000c85   Thumb Code   412  stm32f2xx_hal_dma.o(i.HAL_DMA_IRQHandler)
    HAL_DMA_Init                             0x08000e25   Thumb Code   206  stm32f2xx_hal_dma.o(i.HAL_DMA_Init)
    HAL_GPIO_Init                            0x08000ef9   Thumb Code   598  stm32f2xx_hal_gpio.o(i.HAL_GPIO_Init)
    HAL_GPIO_WritePin                        0x08001181   Thumb Code    10  stm32f2xx_hal_gpio.o(i.HAL_GPIO_WritePin)
    HAL_GetTick                              0x0800118d   Thumb Code     6  stm32f2xx_hal.o(i.HAL_GetTick)
    HAL_I2C_AbortCpltCallback                0x08001199   Thumb Code     2  stm32f2xx_hal_i2c.o(i.HAL_I2C_AbortCpltCallback)
    HAL_I2C_AddrCallback                     0x0800119b   Thumb Code     2  stm32f2xx_hal_i2c.o(i.HAL_I2C_AddrCallback)
    HAL_I2C_ER_IRQHandler                    0x0800119d   Thumb Code   186  stm32f2xx_hal_i2c.o(i.HAL_I2C_ER_IRQHandler)
    HAL_I2C_EV_IRQHandler                    0x08001257   Thumb Code   560  stm32f2xx_hal_i2c.o(i.HAL_I2C_EV_IRQHandler)
    HAL_I2C_ErrorCallback                    0x08001487   Thumb Code     2  stm32f2xx_hal_i2c.o(i.HAL_I2C_ErrorCallback)
    HAL_I2C_Init                             0x08001489   Thumb Code   376  stm32f2xx_hal_i2c.o(i.HAL_I2C_Init)
    HAL_I2C_ListenCpltCallback               0x08001611   Thumb Code     2  stm32f2xx_hal_i2c.o(i.HAL_I2C_ListenCpltCallback)
    HAL_I2C_MasterRxCpltCallback             0x08001613   Thumb Code     2  stm32f2xx_hal_i2c.o(i.HAL_I2C_MasterRxCpltCallback)
    HAL_I2C_MasterTxCpltCallback             0x08001615   Thumb Code     2  stm32f2xx_hal_i2c.o(i.HAL_I2C_MasterTxCpltCallback)
    HAL_I2C_MemRxCpltCallback                0x08001617   Thumb Code     2  stm32f2xx_hal_i2c.o(i.HAL_I2C_MemRxCpltCallback)
    HAL_I2C_MemTxCpltCallback                0x08001619   Thumb Code     2  stm32f2xx_hal_i2c.o(i.HAL_I2C_MemTxCpltCallback)
    HAL_I2C_MspInit                          0x0800161d   Thumb Code   474  i2c.o(i.HAL_I2C_MspInit)
    HAL_I2C_SlaveRxCpltCallback              0x0800181d   Thumb Code     2  stm32f2xx_hal_i2c.o(i.HAL_I2C_SlaveRxCpltCallback)
    HAL_I2C_SlaveTxCpltCallback              0x0800181f   Thumb Code     2  stm32f2xx_hal_i2c.o(i.HAL_I2C_SlaveTxCpltCallback)
    HAL_IWDG_Init                            0x08001821   Thumb Code    90  stm32f2xx_hal_iwdg.o(i.HAL_IWDG_Init)
    HAL_IncTick                              0x0800187d   Thumb Code    12  stm32f2xx_hal.o(i.HAL_IncTick)
    HAL_Init                                 0x0800188d   Thumb Code    48  stm32f2xx_hal.o(i.HAL_Init)
    HAL_InitTick                             0x080018c1   Thumb Code   100  stm32f2xx_hal_timebase_tim.o(i.HAL_InitTick)
    HAL_MspInit                              0x08001935   Thumb Code    52  stm32f2xx_hal_msp.o(i.HAL_MspInit)
    HAL_NVIC_EnableIRQ                       0x0800196d   Thumb Code    26  stm32f2xx_hal_cortex.o(i.HAL_NVIC_EnableIRQ)
    HAL_NVIC_SetPriority                     0x08001989   Thumb Code    60  stm32f2xx_hal_cortex.o(i.HAL_NVIC_SetPriority)
    HAL_NVIC_SetPriorityGrouping             0x080019c9   Thumb Code    26  stm32f2xx_hal_cortex.o(i.HAL_NVIC_SetPriorityGrouping)
    HAL_RCC_ClockConfig                      0x080019ed   Thumb Code   296  stm32f2xx_hal_rcc.o(i.HAL_RCC_ClockConfig)
    HAL_RCC_GetClockConfig                   0x08001b29   Thumb Code    54  stm32f2xx_hal_rcc.o(i.HAL_RCC_GetClockConfig)
    HAL_RCC_GetPCLK1Freq                     0x08001b69   Thumb Code    34  stm32f2xx_hal_rcc.o(i.HAL_RCC_GetPCLK1Freq)
    HAL_RCC_GetPCLK2Freq                     0x08001b99   Thumb Code    34  stm32f2xx_hal_rcc.o(i.HAL_RCC_GetPCLK2Freq)
    HAL_RCC_GetSysClockFreq                  0x08001bc9   Thumb Code    88  stm32f2xx_hal_rcc.o(i.HAL_RCC_GetSysClockFreq)
    HAL_RCC_OscConfig                        0x08001c29   Thumb Code   800  stm32f2xx_hal_rcc.o(i.HAL_RCC_OscConfig)
    HAL_TIMEx_BreakCallback                  0x08001f61   Thumb Code     2  stm32f2xx_hal_tim_ex.o(i.HAL_TIMEx_BreakCallback)
    HAL_TIMEx_CommutCallback                 0x08001f63   Thumb Code     2  stm32f2xx_hal_tim_ex.o(i.HAL_TIMEx_CommutCallback)
    HAL_TIM_Base_Init                        0x08001f65   Thumb Code    90  stm32f2xx_hal_tim.o(i.HAL_TIM_Base_Init)
    HAL_TIM_Base_MspInit                     0x08001fbf   Thumb Code     2  stm32f2xx_hal_tim.o(i.HAL_TIM_Base_MspInit)
    HAL_TIM_Base_Start_IT                    0x08001fc1   Thumb Code   100  stm32f2xx_hal_tim.o(i.HAL_TIM_Base_Start_IT)
    HAL_TIM_IC_CaptureCallback               0x08002041   Thumb Code     2  stm32f2xx_hal_tim.o(i.HAL_TIM_IC_CaptureCallback)
    HAL_TIM_IRQHandler                       0x08002043   Thumb Code   358  stm32f2xx_hal_tim.o(i.HAL_TIM_IRQHandler)
    HAL_TIM_OC_DelayElapsedCallback          0x080021a9   Thumb Code     2  stm32f2xx_hal_tim.o(i.HAL_TIM_OC_DelayElapsedCallback)
    HAL_TIM_PWM_PulseFinishedCallback        0x080021ab   Thumb Code     2  stm32f2xx_hal_tim.o(i.HAL_TIM_PWM_PulseFinishedCallback)
    HAL_TIM_PeriodElapsedCallback            0x080021ad   Thumb Code    14  main.o(i.HAL_TIM_PeriodElapsedCallback)
    HAL_TIM_TriggerCallback                  0x080021c1   Thumb Code     2  stm32f2xx_hal_tim.o(i.HAL_TIM_TriggerCallback)
    HAL_UARTEx_RxEventCallback               0x080021c3   Thumb Code     2  stm32f2xx_hal_uart.o(i.HAL_UARTEx_RxEventCallback)
    HAL_UART_ErrorCallback                   0x080021c5   Thumb Code     2  stm32f2xx_hal_uart.o(i.HAL_UART_ErrorCallback)
    HAL_UART_IRQHandler                      0x080021c9   Thumb Code   522  stm32f2xx_hal_uart.o(i.HAL_UART_IRQHandler)
    HAL_UART_Init                            0x080023d9   Thumb Code    98  stm32f2xx_hal_uart.o(i.HAL_UART_Init)
    HAL_UART_MspInit                         0x0800243d   Thumb Code   304  usart.o(i.HAL_UART_MspInit)
    HAL_UART_RxCpltCallback                  0x08002589   Thumb Code     2  stm32f2xx_hal_uart.o(i.HAL_UART_RxCpltCallback)
    HAL_UART_TxCpltCallback                  0x0800258b   Thumb Code     2  stm32f2xx_hal_uart.o(i.HAL_UART_TxCpltCallback)
    HardFault_Handler                        0x0800258d   Thumb Code     2  stm32f2xx_it.o(i.HardFault_Handler)
    I2C1_ER_IRQHandler                       0x08002591   Thumb Code     6  stm32f2xx_it.o(i.I2C1_ER_IRQHandler)
    I2C1_EV_IRQHandler                       0x0800259d   Thumb Code     6  stm32f2xx_it.o(i.I2C1_EV_IRQHandler)
    I2C2_ER_IRQHandler                       0x080025a9   Thumb Code     6  stm32f2xx_it.o(i.I2C2_ER_IRQHandler)
    I2C2_EV_IRQHandler                       0x080025b5   Thumb Code     6  stm32f2xx_it.o(i.I2C2_EV_IRQHandler)
    I2C3_ER_IRQHandler                       0x080025c1   Thumb Code     6  stm32f2xx_it.o(i.I2C3_ER_IRQHandler)
    I2C3_EV_IRQHandler                       0x080025cd   Thumb Code     6  stm32f2xx_it.o(i.I2C3_EV_IRQHandler)
    MX_ADC1_Init                             0x08002f51   Thumb Code   164  adc.o(i.MX_ADC1_Init)
    MX_CRC_Init                              0x08003001   Thumb Code    28  crc.o(i.MX_CRC_Init)
    MX_DMA_Init                              0x08003025   Thumb Code   120  dma.o(i.MX_DMA_Init)
    MX_FATFS_Init                            0x080030a1   Thumb Code    18  fatfs.o(i.MX_FATFS_Init)
    MX_FREERTOS_Init                         0x080030bd   Thumb Code   318  freertos.o(i.MX_FREERTOS_Init)
    MX_GPIO_Init                             0x08003205   Thumb Code   176  gpio.o(i.MX_GPIO_Init)
    MX_I2C1_Init                             0x080032c1   Thumb Code    50  i2c.o(i.MX_I2C1_Init)
    MX_I2C2_Init                             0x08003301   Thumb Code    50  i2c.o(i.MX_I2C2_Init)
    MX_I2C3_Init                             0x08003341   Thumb Code    50  i2c.o(i.MX_I2C3_Init)
    MX_IWDG_Init                             0x08003381   Thumb Code    36  iwdg.o(i.MX_IWDG_Init)
    MX_USART2_UART_Init                      0x080033ad   Thumb Code    48  usart.o(i.MX_USART2_UART_Init)
    MX_USART3_UART_Init                      0x080033e5   Thumb Code    48  usart.o(i.MX_USART3_UART_Init)
    MemManage_Handler                        0x0800341d   Thumb Code     2  stm32f2xx_it.o(i.MemManage_Handler)
    NMI_Handler                              0x0800341f   Thumb Code     2  stm32f2xx_it.o(i.NMI_Handler)
    StartDefaultTask                         0x08003421   Thumb Code     8  freertos.o(i.StartDefaultTask)
    StartTask02                              0x08003429   Thumb Code     8  freertos.o(i.StartTask02)
    StartTask03                              0x08003431   Thumb Code     8  freertos.o(i.StartTask03)
    StartTask04                              0x08003439   Thumb Code     8  freertos.o(i.StartTask04)
    StartTask05                              0x08003441   Thumb Code     8  freertos.o(i.StartTask05)
    StartTask06                              0x08003449   Thumb Code     8  freertos.o(i.StartTask06)
    SysTick_Handler                          0x08003451   Thumb Code    38  port.o(i.SysTick_Handler)
    SystemClock_Config                       0x0800347d   Thumb Code   106  main.o(i.SystemClock_Config)
    SystemInit                               0x080034e7   Thumb Code     2  system_stm32f2xx.o(i.SystemInit)
    TIM1_UP_TIM10_IRQHandler                 0x080034e9   Thumb Code     6  stm32f2xx_it.o(i.TIM1_UP_TIM10_IRQHandler)
    TIM_Base_SetConfig                       0x080034f5   Thumb Code   156  stm32f2xx_hal_tim.o(i.TIM_Base_SetConfig)
    USART2_IRQHandler                        0x080037d9   Thumb Code     6  stm32f2xx_it.o(i.USART2_IRQHandler)
    USART3_IRQHandler                        0x080037e5   Thumb Code     6  stm32f2xx_it.o(i.USART3_IRQHandler)
    USER_initialize                          0x080037f1   Thumb Code    10  user_diskio.o(i.USER_initialize)
    USER_ioctl                               0x08003801   Thumb Code     4  user_diskio.o(i.USER_ioctl)
    USER_read                                0x08003805   Thumb Code     4  user_diskio.o(i.USER_read)
    USER_status                              0x08003809   Thumb Code    10  user_diskio.o(i.USER_status)
    USER_write                               0x08003819   Thumb Code     4  user_diskio.o(i.USER_write)
    UsageFault_Handler                       0x0800381d   Thumb Code     2  stm32f2xx_it.o(i.UsageFault_Handler)
    main                                     0x0800383f   Thumb Code    62  main.o(i.main)
    osDelay                                  0x08003889   Thumb Code    14  cmsis_os.o(i.osDelay)
    osKernelStart                            0x08003897   Thumb Code    10  cmsis_os.o(i.osKernelStart)
    osMessageCreate                          0x080038a1   Thumb Code    38  cmsis_os.o(i.osMessageCreate)
    osMutexCreate                            0x080038c7   Thumb Code    16  cmsis_os.o(i.osMutexCreate)
    osThreadCreate                           0x080038d7   Thumb Code    84  cmsis_os.o(i.osThreadCreate)
    pvPortMalloc                             0x08003d75   Thumb Code   210  heap_4.o(i.pvPortMalloc)
    pxPortInitialiseStack                    0x08003e4d   Thumb Code    32  port.o(i.pxPortInitialiseStack)
    uxListRemove                             0x08003e71   Thumb Code    38  list.o(i.uxListRemove)
    vApplicationGetIdleTaskMemory            0x08003e99   Thumb Code    16  freertos.o(i.vApplicationGetIdleTaskMemory)
    vListInitialise                          0x08003ead   Thumb Code    22  list.o(i.vListInitialise)
    vListInitialiseItem                      0x08003ec3   Thumb Code     6  list.o(i.vListInitialiseItem)
    vListInsert                              0x08003ec9   Thumb Code    48  list.o(i.vListInsert)
    vListInsertEnd                           0x08003ef9   Thumb Code    24  list.o(i.vListInsertEnd)
    vPortEnterCritical                       0x08003f11   Thumb Code    54  port.o(i.vPortEnterCritical)
    vPortExitCritical                        0x08003f51   Thumb Code    34  port.o(i.vPortExitCritical)
    vPortFree                                0x08003f79   Thumb Code    88  heap_4.o(i.vPortFree)
    vPortSetupTimerInterrupt                 0x08003fd5   Thumb Code    32  port.o(i.vPortSetupTimerInterrupt)
    vTaskDelay                               0x08003ff9   Thumb Code    66  tasks.o(i.vTaskDelay)
    vTaskInternalSetTimeOutState             0x08004045   Thumb Code    12  tasks.o(i.vTaskInternalSetTimeOutState)
    vTaskMissedYield                         0x08004055   Thumb Code     8  tasks.o(i.vTaskMissedYield)
    vTaskPlaceOnEventList                    0x08004061   Thumb Code    44  tasks.o(i.vTaskPlaceOnEventList)
    vTaskStartScheduler                      0x08004091   Thumb Code    90  tasks.o(i.vTaskStartScheduler)
    vTaskSuspendAll                          0x080040fd   Thumb Code    10  tasks.o(i.vTaskSuspendAll)
    vTaskSwitchContext                       0x0800410d   Thumb Code    82  tasks.o(i.vTaskSwitchContext)
    xPortStartScheduler                      0x08004169   Thumb Code   154  port.o(i.xPortStartScheduler)
    xQueueCreateMutex                        0x08004211   Thumb Code    22  queue.o(i.xQueueCreateMutex)
    xQueueCreateMutexStatic                  0x08004227   Thumb Code    26  queue.o(i.xQueueCreateMutexStatic)
    xQueueGenericCreate                      0x08004241   Thumb Code    72  queue.o(i.xQueueGenericCreate)
    xQueueGenericCreateStatic                0x08004289   Thumb Code   102  queue.o(i.xQueueGenericCreateStatic)
    xQueueGenericReset                       0x080042f1   Thumb Code   132  queue.o(i.xQueueGenericReset)
    xQueueGenericSend                        0x08004379   Thumb Code   346  queue.o(i.xQueueGenericSend)
    xTaskCheckForTimeOut                     0x080044d9   Thumb Code   112  tasks.o(i.xTaskCheckForTimeOut)
    xTaskCreate                              0x0800454d   Thumb Code    90  tasks.o(i.xTaskCreate)
    xTaskCreateStatic                        0x080045a7   Thumb Code    86  tasks.o(i.xTaskCreateStatic)
    xTaskGetSchedulerState                   0x080045fd   Thumb Code    22  tasks.o(i.xTaskGetSchedulerState)
    xTaskIncrementTick                       0x08004619   Thumb Code   192  tasks.o(i.xTaskIncrementTick)
    xTaskPriorityDisinherit                  0x080046e1   Thumb Code   144  tasks.o(i.xTaskPriorityDisinherit)
    xTaskRemoveFromEventList                 0x08004779   Thumb Code   108  tasks.o(i.xTaskRemoveFromEventList)
    xTaskResumeAll                           0x080047ed   Thumb Code   182  tasks.o(i.xTaskResumeAll)
    AHBPrescTable                            0x080049c0   Data          16  system_stm32f2xx.o(.constdata)
    APBPrescTable                            0x080049d0   Data           8  system_stm32f2xx.o(.constdata)
    Region$$Table$$Base                      0x08004a20   Number         0  anon$$obj.o(Region$$Table)
    Region$$Table$$Limit                     0x08004a40   Number         0  anon$$obj.o(Region$$Table)
    defaultTaskHandle                        0x20000000   Data           4  freertos.o(.data)
    myTask02Handle                           0x20000004   Data           4  freertos.o(.data)
    myTask03Handle                           0x20000008   Data           4  freertos.o(.data)
    myTask04Handle                           0x2000000c   Data           4  freertos.o(.data)
    myTask05Handle                           0x20000010   Data           4  freertos.o(.data)
    myTask06Handle                           0x20000014   Data           4  freertos.o(.data)
    myQueue01Handle                          0x20000018   Data           4  freertos.o(.data)
    myQueue02Handle                          0x2000001c   Data           4  freertos.o(.data)
    myQueue03Handle                          0x20000020   Data           4  freertos.o(.data)
    myQueue04Handle                          0x20000024   Data           4  freertos.o(.data)
    myQueue05Handle                          0x20000028   Data           4  freertos.o(.data)
    myQueue06Handle                          0x2000002c   Data           4  freertos.o(.data)
    myMutex01Handle                          0x20000030   Data           4  freertos.o(.data)
    myMutex02Handle                          0x20000034   Data           4  freertos.o(.data)
    hcrc                                     0x20000038   Data           8  crc.o(.data)
    uwTickFreq                               0x20000040   Data           1  stm32f2xx_hal.o(.data)
    uwTickPrio                               0x20000044   Data           4  stm32f2xx_hal.o(.data)
    uwTick                                   0x20000048   Data           4  stm32f2xx_hal.o(.data)
    SystemCoreClock                          0x2000004c   Data           4  system_stm32f2xx.o(.data)
    pxCurrentTCB                             0x20000050   Data           4  tasks.o(.data)
    USER_Driver                              0x200000b4   Data          20  user_diskio.o(.data)
    retUSER                                  0x200000c8   Data           1  fatfs.o(.data)
    USERPath                                 0x200000c9   Data           4  fatfs.o(.data)
    hadc1                                    0x20000324   Data          72  adc.o(.bss)
    hdma_adc1                                0x2000036c   Data          96  adc.o(.bss)
    hi2c1                                    0x200003cc   Data          84  i2c.o(.bss)
    hi2c2                                    0x20000420   Data          84  i2c.o(.bss)
    hi2c3                                    0x20000474   Data          84  i2c.o(.bss)
    hdma_i2c3_rx                             0x200004c8   Data          96  i2c.o(.bss)
    hdma_i2c3_tx                             0x20000528   Data          96  i2c.o(.bss)
    hiwdg                                    0x20000588   Data          12  iwdg.o(.bss)
    huart2                                   0x20000594   Data          68  usart.o(.bss)
    huart3                                   0x200005d8   Data          68  usart.o(.bss)
    hdma_usart2_rx                           0x2000061c   Data          96  usart.o(.bss)
    hdma_usart3_rx                           0x2000067c   Data          96  usart.o(.bss)
    htim1                                    0x200006dc   Data          72  stm32f2xx_hal_timebase_tim.o(.bss)
    disk                                     0x20004414   Data          12  ff_gen_drv.o(.bss)
    __libspace_start                         0x20004420   Data          96  libspace.o(.bss)
    __temporary_stack_top$libspace           0x20004480   Data           0  libspace.o(.bss)



==============================================================================

Memory Map of the image

  Image Entry point : 0x08000185

  Load Region LR_IROM1 (Base: 0x08000000, Size: 0x00004b10, Max: 0x00040000, ABSOLUTE)

    Execution Region ER_IROM1 (Exec base: 0x08000000, Load base: 0x08000000, Size: 0x00004a40, Max: 0x00040000, ABSOLUTE)

    Exec Addr    Load Addr    Size         Type   Attr      Idx    E Section Name        Object

    0x08000000   0x08000000   0x00000184   Data   RO            3    RESET               startup_stm32f205xx.o
    0x08000184   0x08000184   0x00000008   Code   RO         5931  * !!!main             c_w.l(__main.o)
    0x0800018c   0x0800018c   0x00000034   Code   RO         6102    !!!scatter          c_w.l(__scatter.o)
    0x080001c0   0x080001c0   0x0000001a   Code   RO         6104    !!handler_copy      c_w.l(__scatter_copy.o)
    0x080001da   0x080001da   0x00000002   PAD
    0x080001dc   0x080001dc   0x0000001c   Code   RO         6106    !!handler_zi        c_w.l(__scatter_zi.o)
    0x080001f8   0x080001f8   0x00000002   Code   RO         5970    .ARM.Collect$$libinit$$00000000  c_w.l(libinit.o)
    0x080001fa   0x080001fa   0x00000000   Code   RO         5983    .ARM.Collect$$libinit$$00000002  c_w.l(libinit2.o)
    0x080001fa   0x080001fa   0x00000000   Code   RO         5985    .ARM.Collect$$libinit$$00000004  c_w.l(libinit2.o)
    0x080001fa   0x080001fa   0x00000000   Code   RO         5988    .ARM.Collect$$libinit$$0000000A  c_w.l(libinit2.o)
    0x080001fa   0x080001fa   0x00000000   Code   RO         5990    .ARM.Collect$$libinit$$0000000C  c_w.l(libinit2.o)
    0x080001fa   0x080001fa   0x00000000   Code   RO         5992    .ARM.Collect$$libinit$$0000000E  c_w.l(libinit2.o)
    0x080001fa   0x080001fa   0x00000000   Code   RO         5995    .ARM.Collect$$libinit$$00000011  c_w.l(libinit2.o)
    0x080001fa   0x080001fa   0x00000000   Code   RO         5997    .ARM.Collect$$libinit$$00000013  c_w.l(libinit2.o)
    0x080001fa   0x080001fa   0x00000000   Code   RO         5999    .ARM.Collect$$libinit$$00000015  c_w.l(libinit2.o)
    0x080001fa   0x080001fa   0x00000000   Code   RO         6001    .ARM.Collect$$libinit$$00000017  c_w.l(libinit2.o)
    0x080001fa   0x080001fa   0x00000000   Code   RO         6003    .ARM.Collect$$libinit$$00000019  c_w.l(libinit2.o)
    0x080001fa   0x080001fa   0x00000000   Code   RO         6005    .ARM.Collect$$libinit$$0000001B  c_w.l(libinit2.o)
    0x080001fa   0x080001fa   0x00000000   Code   RO         6007    .ARM.Collect$$libinit$$0000001D  c_w.l(libinit2.o)
    0x080001fa   0x080001fa   0x00000000   Code   RO         6009    .ARM.Collect$$libinit$$0000001F  c_w.l(libinit2.o)
    0x080001fa   0x080001fa   0x00000000   Code   RO         6011    .ARM.Collect$$libinit$$00000021  c_w.l(libinit2.o)
    0x080001fa   0x080001fa   0x00000000   Code   RO         6013    .ARM.Collect$$libinit$$00000023  c_w.l(libinit2.o)
    0x080001fa   0x080001fa   0x00000000   Code   RO         6015    .ARM.Collect$$libinit$$00000025  c_w.l(libinit2.o)
    0x080001fa   0x080001fa   0x00000000   Code   RO         6019    .ARM.Collect$$libinit$$0000002C  c_w.l(libinit2.o)
    0x080001fa   0x080001fa   0x00000000   Code   RO         6021    .ARM.Collect$$libinit$$0000002E  c_w.l(libinit2.o)
    0x080001fa   0x080001fa   0x00000000   Code   RO         6023    .ARM.Collect$$libinit$$00000030  c_w.l(libinit2.o)
    0x080001fa   0x080001fa   0x00000000   Code   RO         6025    .ARM.Collect$$libinit$$00000032  c_w.l(libinit2.o)
    0x080001fa   0x080001fa   0x00000002   Code   RO         6026    .ARM.Collect$$libinit$$00000033  c_w.l(libinit2.o)
    0x080001fc   0x080001fc   0x00000002   Code   RO         6057    .ARM.Collect$$libshutdown$$00000000  c_w.l(libshutdown.o)
    0x080001fe   0x080001fe   0x00000000   Code   RO         6083    .ARM.Collect$$libshutdown$$00000002  c_w.l(libshutdown2.o)
    0x080001fe   0x080001fe   0x00000000   Code   RO         6085    .ARM.Collect$$libshutdown$$00000004  c_w.l(libshutdown2.o)
    0x080001fe   0x080001fe   0x00000000   Code   RO         6087    .ARM.Collect$$libshutdown$$00000006  c_w.l(libshutdown2.o)
    0x080001fe   0x080001fe   0x00000000   Code   RO         6090    .ARM.Collect$$libshutdown$$00000009  c_w.l(libshutdown2.o)
    0x080001fe   0x080001fe   0x00000000   Code   RO         6093    .ARM.Collect$$libshutdown$$0000000C  c_w.l(libshutdown2.o)
    0x080001fe   0x080001fe   0x00000000   Code   RO         6095    .ARM.Collect$$libshutdown$$0000000E  c_w.l(libshutdown2.o)
    0x080001fe   0x080001fe   0x00000000   Code   RO         6098    .ARM.Collect$$libshutdown$$00000011  c_w.l(libshutdown2.o)
    0x080001fe   0x080001fe   0x00000002   Code   RO         6099    .ARM.Collect$$libshutdown$$00000012  c_w.l(libshutdown2.o)
    0x08000200   0x08000200   0x00000000   Code   RO         5933    .ARM.Collect$$rtentry$$00000000  c_w.l(__rtentry.o)
    0x08000200   0x08000200   0x00000000   Code   RO         5941    .ARM.Collect$$rtentry$$00000002  c_w.l(__rtentry2.o)
    0x08000200   0x08000200   0x00000006   Code   RO         5953    .ARM.Collect$$rtentry$$00000004  c_w.l(__rtentry4.o)
    0x08000206   0x08000206   0x00000000   Code   RO         5943    .ARM.Collect$$rtentry$$00000009  c_w.l(__rtentry2.o)
    0x08000206   0x08000206   0x00000004   Code   RO         5944    .ARM.Collect$$rtentry$$0000000A  c_w.l(__rtentry2.o)
    0x0800020a   0x0800020a   0x00000000   Code   RO         5946    .ARM.Collect$$rtentry$$0000000C  c_w.l(__rtentry2.o)
    0x0800020a   0x0800020a   0x00000008   Code   RO         5947    .ARM.Collect$$rtentry$$0000000D  c_w.l(__rtentry2.o)
    0x08000212   0x08000212   0x00000002   Code   RO         5974    .ARM.Collect$$rtexit$$00000000  c_w.l(rtexit.o)
    0x08000214   0x08000214   0x00000000   Code   RO         6030    .ARM.Collect$$rtexit$$00000002  c_w.l(rtexit2.o)
    0x08000214   0x08000214   0x00000004   Code   RO         6031    .ARM.Collect$$rtexit$$00000003  c_w.l(rtexit2.o)
    0x08000218   0x08000218   0x00000006   Code   RO         6032    .ARM.Collect$$rtexit$$00000004  c_w.l(rtexit2.o)
    0x0800021e   0x0800021e   0x00000002   PAD
    0x08000220   0x08000220   0x00000096   Code   RO         5255    .emb_text           port.o
    0x080002b6   0x080002b6   0x00000002   PAD
    0x080002b8   0x080002b8   0x00000040   Code   RO            4    .text               startup_stm32f205xx.o
    0x080002f8   0x080002f8   0x000000ee   Code   RO         5919    .text               c_w.l(lludivv7m.o)
    0x080003e6   0x080003e6   0x0000008a   Code   RO         5921    .text               c_w.l(rt_memcpy_v6.o)
    0x08000470   0x08000470   0x00000064   Code   RO         5923    .text               c_w.l(rt_memcpy_w.o)
    0x080004d4   0x080004d4   0x0000004e   Code   RO         5927    .text               c_w.l(rt_memclr_w.o)
    0x08000522   0x08000522   0x00000006   Code   RO         5929    .text               c_w.l(heapauxi.o)
    0x08000528   0x08000528   0x0000004a   Code   RO         5957    .text               c_w.l(sys_stackheap_outer.o)
    0x08000572   0x08000572   0x00000012   Code   RO         5959    .text               c_w.l(exit.o)
    0x08000584   0x08000584   0x00000008   Code   RO         5971    .text               c_w.l(libspace.o)
    0x0800058c   0x0800058c   0x0000000c   Code   RO         6027    .text               c_w.l(sys_exit.o)
    0x08000598   0x08000598   0x00000002   Code   RO         6046    .text               c_w.l(use_no_semi.o)
    0x0800059a   0x0800059a   0x00000000   Code   RO         6048    .text               c_w.l(indicate_semi.o)
    0x0800059a   0x0800059a   0x00000002   PAD
    0x0800059c   0x0800059c   0x0000000c   Code   RO          602    i.ADC_IRQHandler    stm32f2xx_it.o
    0x080005a8   0x080005a8   0x00000138   Code   RO          816    i.ADC_Init          stm32f2xx_hal_adc.o
    0x080006e0   0x080006e0   0x00000002   Code   RO          603    i.BusFault_Handler  stm32f2xx_it.o
    0x080006e2   0x080006e2   0x00000002   PAD
    0x080006e4   0x080006e4   0x0000000c   Code   RO          604    i.DMA1_Stream1_IRQHandler  stm32f2xx_it.o
    0x080006f0   0x080006f0   0x0000000c   Code   RO          605    i.DMA1_Stream2_IRQHandler  stm32f2xx_it.o
    0x080006fc   0x080006fc   0x0000000c   Code   RO          606    i.DMA1_Stream4_IRQHandler  stm32f2xx_it.o
    0x08000708   0x08000708   0x0000000c   Code   RO          607    i.DMA1_Stream5_IRQHandler  stm32f2xx_it.o
    0x08000714   0x08000714   0x0000000c   Code   RO          608    i.DMA2_Stream0_IRQHandler  stm32f2xx_it.o
    0x08000720   0x08000720   0x00000028   Code   RO         1959    i.DMA_CalcBaseAndBitshift  stm32f2xx_hal_dma.o
    0x08000748   0x08000748   0x00000054   Code   RO         1960    i.DMA_CheckFifoParam  stm32f2xx_hal_dma.o
    0x0800079c   0x0800079c   0x00000002   Code   RO          609    i.DebugMon_Handler  stm32f2xx_it.o
    0x0800079e   0x0800079e   0x00000004   Code   RO           13    i.Error_Handler     main.o
    0x080007a2   0x080007a2   0x00000006   Code   RO         5819    i.FATFS_LinkDriver  ff_gen_drv.o
    0x080007a8   0x080007a8   0x00000040   Code   RO         5820    i.FATFS_LinkDriverEx  ff_gen_drv.o
    0x080007e8   0x080007e8   0x00000002   Code   RO          987    i.HAL_ADCEx_InjectedConvCpltCallback  stm32f2xx_hal_adc_ex.o
    0x080007ea   0x080007ea   0x00000002   PAD
    0x080007ec   0x080007ec   0x00000150   Code   RO          818    i.HAL_ADC_ConfigChannel  stm32f2xx_hal_adc.o
    0x0800093c   0x0800093c   0x00000002   Code   RO          819    i.HAL_ADC_ConvCpltCallback  stm32f2xx_hal_adc.o
    0x0800093e   0x0800093e   0x00000002   Code   RO          822    i.HAL_ADC_ErrorCallback  stm32f2xx_hal_adc.o
    0x08000940   0x08000940   0x0000013c   Code   RO          826    i.HAL_ADC_IRQHandler  stm32f2xx_hal_adc.o
    0x08000a7c   0x08000a7c   0x00000054   Code   RO          827    i.HAL_ADC_Init      stm32f2xx_hal_adc.o
    0x08000ad0   0x08000ad0   0x00000002   Code   RO          828    i.HAL_ADC_LevelOutOfWindowCallback  stm32f2xx_hal_adc.o
    0x08000ad2   0x08000ad2   0x00000002   PAD
    0x08000ad4   0x08000ad4   0x000000a8   Code   RO          363    i.HAL_ADC_MspInit   adc.o
    0x08000b7c   0x08000b7c   0x00000022   Code   RO         2182    i.HAL_CRC_Init      stm32f2xx_hal_crc.o
    0x08000b9e   0x08000b9e   0x00000002   PAD
    0x08000ba0   0x08000ba0   0x00000028   Code   RO          405    i.HAL_CRC_MspInit   crc.o
    0x08000bc8   0x08000bc8   0x00000092   Code   RO         1962    i.HAL_DMA_Abort     stm32f2xx_hal_dma.o
    0x08000c5a   0x08000c5a   0x00000024   Code   RO         1963    i.HAL_DMA_Abort_IT  stm32f2xx_hal_dma.o
    0x08000c7e   0x08000c7e   0x00000006   Code   RO         1966    i.HAL_DMA_GetState  stm32f2xx_hal_dma.o
    0x08000c84   0x08000c84   0x000001a0   Code   RO         1967    i.HAL_DMA_IRQHandler  stm32f2xx_hal_dma.o
    0x08000e24   0x08000e24   0x000000d4   Code   RO         1968    i.HAL_DMA_Init      stm32f2xx_hal_dma.o
    0x08000ef8   0x08000ef8   0x00000288   Code   RO         1896    i.HAL_GPIO_Init     stm32f2xx_hal_gpio.o
    0x08001180   0x08001180   0x0000000a   Code   RO         1900    i.HAL_GPIO_WritePin  stm32f2xx_hal_gpio.o
    0x0800118a   0x0800118a   0x00000002   PAD
    0x0800118c   0x0800118c   0x0000000c   Code   RO         1101    i.HAL_GetTick       stm32f2xx_hal.o
    0x08001198   0x08001198   0x00000002   Code   RO         2238    i.HAL_I2C_AbortCpltCallback  stm32f2xx_hal_i2c.o
    0x0800119a   0x0800119a   0x00000002   Code   RO         2239    i.HAL_I2C_AddrCallback  stm32f2xx_hal_i2c.o
    0x0800119c   0x0800119c   0x000000ba   Code   RO         2242    i.HAL_I2C_ER_IRQHandler  stm32f2xx_hal_i2c.o
    0x08001256   0x08001256   0x00000230   Code   RO         2243    i.HAL_I2C_EV_IRQHandler  stm32f2xx_hal_i2c.o
    0x08001486   0x08001486   0x00000002   Code   RO         2245    i.HAL_I2C_ErrorCallback  stm32f2xx_hal_i2c.o
    0x08001488   0x08001488   0x00000188   Code   RO         2249    i.HAL_I2C_Init      stm32f2xx_hal_i2c.o
    0x08001610   0x08001610   0x00000002   Code   RO         2251    i.HAL_I2C_ListenCpltCallback  stm32f2xx_hal_i2c.o
    0x08001612   0x08001612   0x00000002   Code   RO         2252    i.HAL_I2C_MasterRxCpltCallback  stm32f2xx_hal_i2c.o
    0x08001614   0x08001614   0x00000002   Code   RO         2253    i.HAL_I2C_MasterTxCpltCallback  stm32f2xx_hal_i2c.o
    0x08001616   0x08001616   0x00000002   Code   RO         2265    i.HAL_I2C_MemRxCpltCallback  stm32f2xx_hal_i2c.o
    0x08001618   0x08001618   0x00000002   Code   RO         2266    i.HAL_I2C_MemTxCpltCallback  stm32f2xx_hal_i2c.o
    0x0800161a   0x0800161a   0x00000002   PAD
    0x0800161c   0x0800161c   0x00000200   Code   RO          471    i.HAL_I2C_MspInit   i2c.o
    0x0800181c   0x0800181c   0x00000002   Code   RO         2275    i.HAL_I2C_SlaveRxCpltCallback  stm32f2xx_hal_i2c.o
    0x0800181e   0x0800181e   0x00000002   Code   RO         2276    i.HAL_I2C_SlaveTxCpltCallback  stm32f2xx_hal_i2c.o
    0x08001820   0x08001820   0x0000005a   Code   RO         2670    i.HAL_IWDG_Init     stm32f2xx_hal_iwdg.o
    0x0800187a   0x0800187a   0x00000002   PAD
    0x0800187c   0x0800187c   0x00000010   Code   RO         1107    i.HAL_IncTick       stm32f2xx_hal.o
    0x0800188c   0x0800188c   0x00000034   Code   RO         1108    i.HAL_Init          stm32f2xx_hal.o
    0x080018c0   0x080018c0   0x00000074   Code   RO          774    i.HAL_InitTick      stm32f2xx_hal_timebase_tim.o
    0x08001934   0x08001934   0x00000038   Code   RO          750    i.HAL_MspInit       stm32f2xx_hal_msp.o
    0x0800196c   0x0800196c   0x0000001a   Code   RO         1423    i.HAL_NVIC_EnableIRQ  stm32f2xx_hal_cortex.o
    0x08001986   0x08001986   0x00000002   PAD
    0x08001988   0x08001988   0x00000040   Code   RO         1429    i.HAL_NVIC_SetPriority  stm32f2xx_hal_cortex.o
    0x080019c8   0x080019c8   0x00000024   Code   RO         1430    i.HAL_NVIC_SetPriorityGrouping  stm32f2xx_hal_cortex.o
    0x080019ec   0x080019ec   0x0000013c   Code   RO         1275    i.HAL_RCC_ClockConfig  stm32f2xx_hal_rcc.o
    0x08001b28   0x08001b28   0x00000040   Code   RO         1279    i.HAL_RCC_GetClockConfig  stm32f2xx_hal_rcc.o
    0x08001b68   0x08001b68   0x00000030   Code   RO         1282    i.HAL_RCC_GetPCLK1Freq  stm32f2xx_hal_rcc.o
    0x08001b98   0x08001b98   0x00000030   Code   RO         1283    i.HAL_RCC_GetPCLK2Freq  stm32f2xx_hal_rcc.o
    0x08001bc8   0x08001bc8   0x00000060   Code   RO         1284    i.HAL_RCC_GetSysClockFreq  stm32f2xx_hal_rcc.o
    0x08001c28   0x08001c28   0x00000338   Code   RO         1287    i.HAL_RCC_OscConfig  stm32f2xx_hal_rcc.o
    0x08001f60   0x08001f60   0x00000002   Code   RO         3406    i.HAL_TIMEx_BreakCallback  stm32f2xx_hal_tim_ex.o
    0x08001f62   0x08001f62   0x00000002   Code   RO         3407    i.HAL_TIMEx_CommutCallback  stm32f2xx_hal_tim_ex.o
    0x08001f64   0x08001f64   0x0000005a   Code   RO         2702    i.HAL_TIM_Base_Init  stm32f2xx_hal_tim.o
    0x08001fbe   0x08001fbe   0x00000002   Code   RO         2704    i.HAL_TIM_Base_MspInit  stm32f2xx_hal_tim.o
    0x08001fc0   0x08001fc0   0x00000080   Code   RO         2707    i.HAL_TIM_Base_Start_IT  stm32f2xx_hal_tim.o
    0x08002040   0x08002040   0x00000002   Code   RO         2736    i.HAL_TIM_IC_CaptureCallback  stm32f2xx_hal_tim.o
    0x08002042   0x08002042   0x00000166   Code   RO         2750    i.HAL_TIM_IRQHandler  stm32f2xx_hal_tim.o
    0x080021a8   0x080021a8   0x00000002   Code   RO         2753    i.HAL_TIM_OC_DelayElapsedCallback  stm32f2xx_hal_tim.o
    0x080021aa   0x080021aa   0x00000002   Code   RO         2780    i.HAL_TIM_PWM_PulseFinishedCallback  stm32f2xx_hal_tim.o
    0x080021ac   0x080021ac   0x00000014   Code   RO           14    i.HAL_TIM_PeriodElapsedCallback  main.o
    0x080021c0   0x080021c0   0x00000002   Code   RO         2793    i.HAL_TIM_TriggerCallback  stm32f2xx_hal_tim.o
    0x080021c2   0x080021c2   0x00000002   Code   RO         3684    i.HAL_UARTEx_RxEventCallback  stm32f2xx_hal_uart.o
    0x080021c4   0x080021c4   0x00000002   Code   RO         3698    i.HAL_UART_ErrorCallback  stm32f2xx_hal_uart.o
    0x080021c6   0x080021c6   0x00000002   PAD
    0x080021c8   0x080021c8   0x00000210   Code   RO         3701    i.HAL_UART_IRQHandler  stm32f2xx_hal_uart.o
    0x080023d8   0x080023d8   0x00000062   Code   RO         3702    i.HAL_UART_Init     stm32f2xx_hal_uart.o
    0x0800243a   0x0800243a   0x00000002   PAD
    0x0800243c   0x0800243c   0x0000014c   Code   RO          555    i.HAL_UART_MspInit  usart.o
    0x08002588   0x08002588   0x00000002   Code   RO         3708    i.HAL_UART_RxCpltCallback  stm32f2xx_hal_uart.o
    0x0800258a   0x0800258a   0x00000002   Code   RO         3713    i.HAL_UART_TxCpltCallback  stm32f2xx_hal_uart.o
    0x0800258c   0x0800258c   0x00000002   Code   RO          610    i.HardFault_Handler  stm32f2xx_it.o
    0x0800258e   0x0800258e   0x00000002   PAD
    0x08002590   0x08002590   0x0000000c   Code   RO          611    i.I2C1_ER_IRQHandler  stm32f2xx_it.o
    0x0800259c   0x0800259c   0x0000000c   Code   RO          612    i.I2C1_EV_IRQHandler  stm32f2xx_it.o
    0x080025a8   0x080025a8   0x0000000c   Code   RO          613    i.I2C2_ER_IRQHandler  stm32f2xx_it.o
    0x080025b4   0x080025b4   0x0000000c   Code   RO          614    i.I2C2_EV_IRQHandler  stm32f2xx_it.o
    0x080025c0   0x080025c0   0x0000000c   Code   RO          615    i.I2C3_ER_IRQHandler  stm32f2xx_it.o
    0x080025cc   0x080025cc   0x0000000c   Code   RO          616    i.I2C3_EV_IRQHandler  stm32f2xx_it.o
    0x080025d8   0x080025d8   0x000000bc   Code   RO         2287    i.I2C_DMAAbort      stm32f2xx_hal_i2c.o
    0x08002694   0x08002694   0x00000158   Code   RO         2290    i.I2C_ITError       stm32f2xx_hal_i2c.o
    0x080027ec   0x080027ec   0x000000d2   Code   RO         2292    i.I2C_MasterReceive_BTF  stm32f2xx_hal_i2c.o
    0x080028be   0x080028be   0x00000002   PAD
    0x080028c0   0x080028c0   0x000000e8   Code   RO         2293    i.I2C_MasterReceive_RXNE  stm32f2xx_hal_i2c.o
    0x080029a8   0x080029a8   0x00000082   Code   RO         2296    i.I2C_MasterTransmit_BTF  stm32f2xx_hal_i2c.o
    0x08002a2a   0x08002a2a   0x00000002   PAD
    0x08002a2c   0x08002a2c   0x000000b6   Code   RO         2297    i.I2C_MasterTransmit_TXE  stm32f2xx_hal_i2c.o
    0x08002ae2   0x08002ae2   0x00000002   PAD
    0x08002ae4   0x08002ae4   0x00000118   Code   RO         2298    i.I2C_Master_ADDR   stm32f2xx_hal_i2c.o
    0x08002bfc   0x08002bfc   0x0000008c   Code   RO         2299    i.I2C_Master_SB     stm32f2xx_hal_i2c.o
    0x08002c88   0x08002c88   0x000000a0   Code   RO         2300    i.I2C_MemoryTransmit_TXE_BTF  stm32f2xx_hal_i2c.o
    0x08002d28   0x08002d28   0x00000046   Code   RO         2303    i.I2C_Slave_ADDR    stm32f2xx_hal_i2c.o
    0x08002d6e   0x08002d6e   0x00000002   PAD
    0x08002d70   0x08002d70   0x00000084   Code   RO         2304    i.I2C_Slave_AF      stm32f2xx_hal_i2c.o
    0x08002df4   0x08002df4   0x0000015c   Code   RO         2305    i.I2C_Slave_STOPF   stm32f2xx_hal_i2c.o
    0x08002f50   0x08002f50   0x000000b0   Code   RO          364    i.MX_ADC1_Init      adc.o
    0x08003000   0x08003000   0x00000024   Code   RO          406    i.MX_CRC_Init       crc.o
    0x08003024   0x08003024   0x0000007c   Code   RO          446    i.MX_DMA_Init       dma.o
    0x080030a0   0x080030a0   0x0000001c   Code   RO         5396    i.MX_FATFS_Init     fatfs.o
    0x080030bc   0x080030bc   0x00000148   Code   RO          279    i.MX_FREERTOS_Init  freertos.o
    0x08003204   0x08003204   0x000000bc   Code   RO          255    i.MX_GPIO_Init      gpio.o
    0x080032c0   0x080032c0   0x00000040   Code   RO          472    i.MX_I2C1_Init      i2c.o
    0x08003300   0x08003300   0x00000040   Code   RO          473    i.MX_I2C2_Init      i2c.o
    0x08003340   0x08003340   0x00000040   Code   RO          474    i.MX_I2C3_Init      i2c.o
    0x08003380   0x08003380   0x0000002c   Code   RO          524    i.MX_IWDG_Init      iwdg.o
    0x080033ac   0x080033ac   0x00000038   Code   RO          556    i.MX_USART2_UART_Init  usart.o
    0x080033e4   0x080033e4   0x00000038   Code   RO          557    i.MX_USART3_UART_Init  usart.o
    0x0800341c   0x0800341c   0x00000002   Code   RO          617    i.MemManage_Handler  stm32f2xx_it.o
    0x0800341e   0x0800341e   0x00000002   Code   RO          618    i.NMI_Handler       stm32f2xx_it.o
    0x08003420   0x08003420   0x00000008   Code   RO          280    i.StartDefaultTask  freertos.o
    0x08003428   0x08003428   0x00000008   Code   RO          281    i.StartTask02       freertos.o
    0x08003430   0x08003430   0x00000008   Code   RO          282    i.StartTask03       freertos.o
    0x08003438   0x08003438   0x00000008   Code   RO          283    i.StartTask04       freertos.o
    0x08003440   0x08003440   0x00000008   Code   RO          284    i.StartTask05       freertos.o
    0x08003448   0x08003448   0x00000008   Code   RO          285    i.StartTask06       freertos.o
    0x08003450   0x08003450   0x0000002c   Code   RO         5256    i.SysTick_Handler   port.o
    0x0800347c   0x0800347c   0x0000006a   Code   RO           15    i.SystemClock_Config  main.o
    0x080034e6   0x080034e6   0x00000002   Code   RO         4031    i.SystemInit        system_stm32f2xx.o
    0x080034e8   0x080034e8   0x0000000c   Code   RO          619    i.TIM1_UP_TIM10_IRQHandler  stm32f2xx_it.o
    0x080034f4   0x080034f4   0x000000c8   Code   RO         2795    i.TIM_Base_SetConfig  stm32f2xx_hal_tim.o
    0x080035bc   0x080035bc   0x00000010   Code   RO         3715    i.UART_DMAAbortOnError  stm32f2xx_hal_uart.o
    0x080035cc   0x080035cc   0x00000030   Code   RO         3725    i.UART_EndRxTransfer  stm32f2xx_hal_uart.o
    0x080035fc   0x080035fc   0x000000b6   Code   RO         3727    i.UART_Receive_IT   stm32f2xx_hal_uart.o
    0x080036b2   0x080036b2   0x00000002   PAD
    0x080036b4   0x080036b4   0x00000124   Code   RO         3728    i.UART_SetConfig    stm32f2xx_hal_uart.o
    0x080037d8   0x080037d8   0x0000000c   Code   RO          620    i.USART2_IRQHandler  stm32f2xx_it.o
    0x080037e4   0x080037e4   0x0000000c   Code   RO          621    i.USART3_IRQHandler  stm32f2xx_it.o
    0x080037f0   0x080037f0   0x00000010   Code   RO         5335    i.USER_initialize   user_diskio.o
    0x08003800   0x08003800   0x00000004   Code   RO         5336    i.USER_ioctl        user_diskio.o
    0x08003804   0x08003804   0x00000004   Code   RO         5337    i.USER_read         user_diskio.o
    0x08003808   0x08003808   0x00000010   Code   RO         5338    i.USER_status       user_diskio.o
    0x08003818   0x08003818   0x00000004   Code   RO         5339    i.USER_write        user_diskio.o
    0x0800381c   0x0800381c   0x00000002   Code   RO          622    i.UsageFault_Handler  stm32f2xx_it.o
    0x0800381e   0x0800381e   0x00000020   Code   RO         1436    i.__NVIC_SetPriority  stm32f2xx_hal_cortex.o
    0x0800383e   0x0800383e   0x0000003e   Code   RO           16    i.main              main.o
    0x0800387c   0x0800387c   0x0000000c   Code   RO         4827    i.makeFreeRtosPriority  cmsis_os.o
    0x08003888   0x08003888   0x0000000e   Code   RO         4829    i.osDelay           cmsis_os.o
    0x08003896   0x08003896   0x0000000a   Code   RO         4832    i.osKernelStart     cmsis_os.o
    0x080038a0   0x080038a0   0x00000026   Code   RO         4841    i.osMessageCreate   cmsis_os.o
    0x080038c6   0x080038c6   0x00000010   Code   RO         4847    i.osMutexCreate     cmsis_os.o
    0x080038d6   0x080038d6   0x00000054   Code   RO         4866    i.osThreadCreate    cmsis_os.o
    0x0800392a   0x0800392a   0x00000002   PAD
    0x0800392c   0x0800392c   0x00000070   Code   RO         4524    i.prvAddCurrentTaskToDelayedList  tasks.o
    0x0800399c   0x0800399c   0x000000d0   Code   RO         4525    i.prvAddNewTaskToReadyList  tasks.o
    0x08003a6c   0x08003a6c   0x0000006c   Code   RO         4210    i.prvCopyDataToQueue  queue.o
    0x08003ad8   0x08003ad8   0x00000034   Code   RO         4526    i.prvDeleteTCB      tasks.o
    0x08003b0c   0x08003b0c   0x0000004c   Code   RO         5194    i.prvHeapInit       heap_4.o
    0x08003b58   0x08003b58   0x00000060   Code   RO         4527    i.prvIdleTask       tasks.o
    0x08003bb8   0x08003bb8   0x00000016   Code   RO         4211    i.prvInitialiseMutex  queue.o
    0x08003bce   0x08003bce   0x00000016   Code   RO         4212    i.prvInitialiseNewQueue  queue.o
    0x08003be4   0x08003be4   0x0000008e   Code   RO         4528    i.prvInitialiseNewTask  tasks.o
    0x08003c72   0x08003c72   0x00000002   PAD
    0x08003c74   0x08003c74   0x0000004c   Code   RO         5195    i.prvInsertBlockIntoFreeList  heap_4.o
    0x08003cc0   0x08003cc0   0x00000020   Code   RO         4529    i.prvResetNextTaskUnblockTime  tasks.o
    0x08003ce0   0x08003ce0   0x00000028   Code   RO         5257    i.prvTaskExitError  port.o
    0x08003d08   0x08003d08   0x0000006a   Code   RO         4214    i.prvUnlockQueue    queue.o
    0x08003d72   0x08003d72   0x00000002   PAD
    0x08003d74   0x08003d74   0x000000d8   Code   RO         5196    i.pvPortMalloc      heap_4.o
    0x08003e4c   0x08003e4c   0x00000024   Code   RO         5258    i.pxPortInitialiseStack  port.o
    0x08003e70   0x08003e70   0x00000026   Code   RO         4169    i.uxListRemove      list.o
    0x08003e96   0x08003e96   0x00000002   PAD
    0x08003e98   0x08003e98   0x00000014   Code   RO          286    i.vApplicationGetIdleTaskMemory  freertos.o
    0x08003eac   0x08003eac   0x00000016   Code   RO         4170    i.vListInitialise   list.o
    0x08003ec2   0x08003ec2   0x00000006   Code   RO         4171    i.vListInitialiseItem  list.o
    0x08003ec8   0x08003ec8   0x00000030   Code   RO         4172    i.vListInsert       list.o
    0x08003ef8   0x08003ef8   0x00000018   Code   RO         4173    i.vListInsertEnd    list.o
    0x08003f10   0x08003f10   0x00000040   Code   RO         5260    i.vPortEnterCritical  port.o
    0x08003f50   0x08003f50   0x00000028   Code   RO         5261    i.vPortExitCritical  port.o
    0x08003f78   0x08003f78   0x0000005c   Code   RO         5197    i.vPortFree         heap_4.o
    0x08003fd4   0x08003fd4   0x00000024   Code   RO         5262    i.vPortSetupTimerInterrupt  port.o
    0x08003ff8   0x08003ff8   0x0000004c   Code   RO         4537    i.vTaskDelay        tasks.o
    0x08004044   0x08004044   0x00000010   Code   RO         4540    i.vTaskInternalSetTimeOutState  tasks.o
    0x08004054   0x08004054   0x0000000c   Code   RO         4541    i.vTaskMissedYield  tasks.o
    0x08004060   0x08004060   0x00000030   Code   RO         4543    i.vTaskPlaceOnEventList  tasks.o
    0x08004090   0x08004090   0x0000006c   Code   RO         4550    i.vTaskStartScheduler  tasks.o
    0x080040fc   0x080040fc   0x00000010   Code   RO         4552    i.vTaskSuspendAll   tasks.o
    0x0800410c   0x0800410c   0x0000005c   Code   RO         4553    i.vTaskSwitchContext  tasks.o
    0x08004168   0x08004168   0x000000a8   Code   RO         5264    i.xPortStartScheduler  port.o
    0x08004210   0x08004210   0x00000016   Code   RO         4221    i.xQueueCreateMutex  queue.o
    0x08004226   0x08004226   0x0000001a   Code   RO         4222    i.xQueueCreateMutexStatic  queue.o
    0x08004240   0x08004240   0x00000048   Code   RO         4223    i.xQueueGenericCreate  queue.o
    0x08004288   0x08004288   0x00000066   Code   RO         4224    i.xQueueGenericCreateStatic  queue.o
    0x080042ee   0x080042ee   0x00000002   PAD
    0x080042f0   0x080042f0   0x00000088   Code   RO         4225    i.xQueueGenericReset  queue.o
    0x08004378   0x08004378   0x00000160   Code   RO         4226    i.xQueueGenericSend  queue.o
    0x080044d8   0x080044d8   0x00000074   Code   RO         4554    i.xTaskCheckForTimeOut  tasks.o
    0x0800454c   0x0800454c   0x0000005a   Code   RO         4555    i.xTaskCreate       tasks.o
    0x080045a6   0x080045a6   0x00000056   Code   RO         4556    i.xTaskCreateStatic  tasks.o
    0x080045fc   0x080045fc   0x0000001c   Code   RO         4560    i.xTaskGetSchedulerState  tasks.o
    0x08004618   0x08004618   0x000000c8   Code   RO         4563    i.xTaskIncrementTick  tasks.o
    0x080046e0   0x080046e0   0x00000098   Code   RO         4566    i.xTaskPriorityDisinherit  tasks.o
    0x08004778   0x08004778   0x00000074   Code   RO         4568    i.xTaskRemoveFromEventList  tasks.o
    0x080047ec   0x080047ec   0x000000c4   Code   RO         4569    i.xTaskResumeAll    tasks.o
    0x080048b0   0x080048b0   0x00000108   Data   RO          288    .constdata          freertos.o
    0x080049b8   0x080049b8   0x00000008   Data   RO         1974    .constdata          stm32f2xx_hal_dma.o
    0x080049c0   0x080049c0   0x00000010   Data   RO         4032    .constdata          system_stm32f2xx.o
    0x080049d0   0x080049d0   0x00000008   Data   RO         4033    .constdata          system_stm32f2xx.o
    0x080049d8   0x080049d8   0x00000048   Data   RO          289    .conststring        freertos.o
    0x08004a20   0x08004a20   0x00000020   Data   RO         6100    Region$$Table       anon$$obj.o


    Execution Region RW_IRAM1 (Exec base: 0x20000000, Load base: 0x08004a40, Size: 0x00004a80, Max: 0x00014000, ABSOLUTE)

    Exec Addr    Load Addr    Size         Type   Attr      Idx    E Section Name        Object

    0x20000000   0x08004a40   0x00000038   Data   RW          290    .data               freertos.o
    0x20000038   0x08004a78   0x00000008   Data   RW          407    .data               crc.o
    0x20000040   0x08004a80   0x0000000c   Data   RW         1115    .data               stm32f2xx_hal.o
    0x2000004c   0x08004a8c   0x00000004   Data   RW         4034    .data               system_stm32f2xx.o
    0x20000050   0x08004a90   0x0000003c   Data   RW         4572    .data               tasks.o
    0x2000008c   0x08004acc   0x00000018   Data   RW         5202    .data               heap_4.o
    0x200000a4   0x08004ae4   0x0000000c   Data   RW         5265    .data               port.o
    0x200000b0   0x08004af0   0x00000001   Data   RW         5340    .data               user_diskio.o
    0x200000b1   0x08004af1   0x00000003   PAD
    0x200000b4   0x08004af4   0x00000014   Data   RW         5341    .data               user_diskio.o
    0x200000c8   0x08004b08   0x00000005   Data   RW         5400    .data               fatfs.o
    0x200000cd   0x08004b0d   0x00000003   PAD
    0x200000d0        -       0x00000254   Zero   RW          287    .bss                freertos.o
    0x20000324        -       0x000000a8   Zero   RW          365    .bss                adc.o
    0x200003cc        -       0x000001bc   Zero   RW          475    .bss                i2c.o
    0x20000588        -       0x0000000c   Zero   RW          525    .bss                iwdg.o
    0x20000594        -       0x00000148   Zero   RW          558    .bss                usart.o
    0x200006dc        -       0x00000048   Zero   RW          777    .bss                stm32f2xx_hal_timebase_tim.o
    0x20000724        -       0x000000f0   Zero   RW         4571    .bss                tasks.o
    0x20000814        -       0x00003c00   Zero   RW         5201    .bss                heap_4.o
    0x20004414        -       0x0000000c   Zero   RW         5823    .bss                ff_gen_drv.o
    0x20004420        -       0x00000060   Zero   RW         5972    .bss                c_w.l(libspace.o)
    0x20004480        -       0x00000200   Zero   RW            2    HEAP                startup_stm32f205xx.o
    0x20004680        -       0x00000400   Zero   RW            1    STACK               startup_stm32f205xx.o


    Execution Region RW_IRAM2 (Exec base: 0x2001c000, Load base: 0x08004b10, Size: 0x00000000, Max: 0x00004000, ABSOLUTE)

    **** No section assigned to this execution region ****


==============================================================================

Image component sizes


      Code (inc. data)   RO Data    RW Data    ZI Data      Debug   Object Name

       344         32          0          0        168       1859   adc.o
       174          0          0          0          0      23767   cmsis_os.o
        76         18          0          8          0       1543   crc.o
       124          4          0          0          0        850   dma.o
         0          0          0          0          0      18236   event_groups.o
        28         10          0          5          0       3930   fatfs.o
        70          4          0          0         12       1615   ff_gen_drv.o
       396         14        336         56        596      10447   freertos.o
       188         12          0          0          0        991   gpio.o
       460         24          0         24      15360       7315   heap_4.o
       704         80          0          0        444       3309   i2c.o
        44          8          0          0         12        731   iwdg.o
       138          0          0          0          0       3462   list.o
       192          6          0          0          0     673944   main.o
       578         60          0         12          0      10468   port.o
       968         10          0          0          0      11329   queue.o
        64         26        388          0       1536        824   startup_stm32f205xx.o
        80         14          0         12          0       7914   stm32f2xx_hal.o
      1054         22          0          0          0       5230   stm32f2xx_hal_adc.o
         2          0          0          0          0        985   stm32f2xx_hal_adc_ex.o
       158         14          0          0          0      29934   stm32f2xx_hal_cortex.o
        34          0          0          0          0       1051   stm32f2xx_hal_crc.o
       940         16          8          0          0       6086   stm32f2xx_hal_dma.o
       658         50          0          0          0       2308   stm32f2xx_hal_gpio.o
      3574         54          0          0          0      22261   stm32f2xx_hal_i2c.o
        90          0          0          0          0       1300   stm32f2xx_hal_iwdg.o
        56          4          0          0          0        874   stm32f2xx_hal_msp.o
      1396         90          0          0          0       5821   stm32f2xx_hal_rcc.o
       786         72          0          0          0       7192   stm32f2xx_hal_tim.o
         4          0          0          0          0       1585   stm32f2xx_hal_tim_ex.o
       116         16          0          0         72       1455   stm32f2xx_hal_timebase_tim.o
      1172         14          0          0          0       7800   stm32f2xx_hal_uart.o
       192         90          0          0          0       9437   stm32f2xx_it.o
         0          0          0          0          0        392   stream_buffer.o
         2          0         24          4          0       1155   system_stm32f2xx.o
      1994        148          0         60        240      21786   tasks.o
       444         44          0          0        328       2605   usart.o
        44         12          0         21          0       3196   user_diskio.o

    ----------------------------------------------------------------------
     17388        968        788        208      18768     914987   Object Totals
         0          0         32          0          0          0   (incl. Generated)
        44          0          0          6          0          0   (incl. Padding)

    ----------------------------------------------------------------------

      Code (inc. data)   RO Data    RW Data    ZI Data      Debug   Library Member Name

         8          0          0          0          0         68   __main.o
         0          0          0          0          0          0   __rtentry.o
        12          0          0          0          0          0   __rtentry2.o
         6          0          0          0          0          0   __rtentry4.o
        52          8          0          0          0          0   __scatter.o
        26          0          0          0          0          0   __scatter_copy.o
        28          0          0          0          0          0   __scatter_zi.o
        18          0          0          0          0         80   exit.o
         6          0          0          0          0        152   heapauxi.o
         0          0          0          0          0          0   indicate_semi.o
         2          0          0          0          0          0   libinit.o
         2          0          0          0          0          0   libinit2.o
         2          0          0          0          0          0   libshutdown.o
         2          0          0          0          0          0   libshutdown2.o
         8          4          0          0         96         68   libspace.o
       238          0          0          0          0        100   lludivv7m.o
        78          0          0          0          0         80   rt_memclr_w.o
       138          0          0          0          0         68   rt_memcpy_v6.o
       100          0          0          0          0         80   rt_memcpy_w.o
         2          0          0          0          0          0   rtexit.o
        10          0          0          0          0          0   rtexit2.o
        12          4          0          0          0         68   sys_exit.o
        74          0          0          0          0         80   sys_stackheap_outer.o
         2          0          0          0          0         68   use_no_semi.o

    ----------------------------------------------------------------------
       832         16          0          0         96        912   Library Totals
         6          0          0          0          0          0   (incl. Padding)

    ----------------------------------------------------------------------

      Code (inc. data)   RO Data    RW Data    ZI Data      Debug   Library Name

       826         16          0          0         96        912   c_w.l

    ----------------------------------------------------------------------
       832         16          0          0         96        912   Library Totals

    ----------------------------------------------------------------------

==============================================================================


      Code (inc. data)   RO Data    RW Data    ZI Data      Debug   

     18220        984        788        208      18864     905963   Grand Totals
     18220        984        788        208      18864     905963   ELF Image Totals
     18220        984        788        208          0          0   ROM Totals

==============================================================================

    Total RO  Size (Code + RO Data)                19008 (  18.56kB)
    Total RW  Size (RW Data + ZI Data)             19072 (  18.63kB)
    Total ROM Size (Code + RO Data + RW Data)      19216 (  18.77kB)

==============================================================================

