<html>
<body>
<pre>
<h1>µVision Build Log</h1>
<h2>Tool Versions:</h2>
IDE-Version: ¦ÌVision V5.36.0.0
Copyright (C) 2021 ARM Ltd and ARM Germany GmbH. All rights reserved.
License Information: 123 123, 123, LIC=VGXG8-3FN15-TGV7T-RFUPS-GW9ZY-XW2V1
 
Tool Versions:
Toolchain:       MDK-ARM Plus  Version: 5.36.0.0
Toolchain Path:  D:\Keil_v5\ARM\ARMCC\Bin
C Compiler:      Armcc.exe V5.06 update 7 (build 960)
Assembler:       Armasm.exe V5.06 update 7 (build 960)
Linker/Locator:  ArmLink.exe V5.06 update 7 (build 960)
Library Manager: ArmAr.exe V5.06 update 7 (build 960)
Hex Converter:   FromElf.exe V5.06 update 7 (build 960)
CPU DLL:         SARMCM3.DLL V5.36.0.0
Dialog DLL:      DCM.DLL V1.17.3.0
Target DLL:      STLink\ST-LINKIII-KEIL_SWO.dll V3.0.9.0
Dialog DLL:      TCM.DLL V1.53.0.0
 
<h2>Project:</h2>
C:\Users\tao.feng\Documents\STM32CubeMX\IPMI_STM32F205RCTx_V1.0\MDK-ARM\IPMI_STM32F205RCTx_V1.0.uvprojx
Project File Date:  06/24/2022

<h2>Output:</h2>
*** Using Compiler 'V5.06 update 7 (build 960)', folder: 'D:\Keil_v5\ARM\ARMCC\Bin'
Rebuild target 'IPMI_STM32F205RCTx_V1.0'
assembling startup_stm32f205xx.s...
compiling crc.c...
compiling dma.c...
compiling i2c.c...
compiling gpio.c...
compiling adc.c...
compiling freertos.c...
compiling main.c...
compiling iwdg.c...
compiling stm32f2xx_hal_msp.c...
compiling stm32f2xx_hal_timebase_tim.c...
compiling stm32f2xx_it.c...
compiling stm32f2xx_hal_adc_ex.c...
compiling usart.c...
compiling stm32f2xx_hal_adc.c...
compiling stm32f2xx_hal_pwr.c...
compiling stm32f2xx_hal_cortex.c...
compiling stm32f2xx_hal_rcc_ex.c...
compiling stm32f2xx_hal.c...
compiling stm32f2xx_hal_flash.c...
compiling stm32f2xx_hal_flash_ex.c...
compiling stm32f2xx_hal_rcc.c...
compiling stm32f2xx_hal_pwr_ex.c...
compiling stm32f2xx_hal_dma.c...
compiling stm32f2xx_hal_gpio.c...
compiling stm32f2xx_hal_exti.c...
compiling stm32f2xx_hal_crc.c...
compiling stm32f2xx_hal_dma_ex.c...
compiling croutine.c...
compiling event_groups.c...
compiling stm32f2xx_hal_i2c.c...
compiling list.c...
compiling stream_buffer.c...
compiling queue.c...
compiling timers.c...
compiling tasks.c...
compiling heap_4.c...
compiling cmsis_os.c...
compiling port.c...
compiling system_stm32f2xx.c...
compiling stm32f2xx_hal_iwdg.c...
compiling stm32f2xx_hal_tim_ex.c...
compiling stm32f2xx_hal_uart.c...
compiling fatfs.c...
compiling user_diskio.c...
compiling stm32f2xx_hal_tim.c...
compiling diskio.c...
compiling syscall.c...
compiling ff_gen_drv.c...
compiling ff.c...
linking...
Program Size: Code=18220 RO-data=788 RW-data=208 ZI-data=18864  
FromELF: creating hex file...
"IPMI_STM32F205RCTx_V1.0\IPMI_STM32F205RCTx_V1.0" - 0 Error(s), 0 Warning(s).

<h2>Software Packages used:</h2>

Package Vendor: ARM
                http://www.keil.com/pack/ARM.CMSIS.5.8.0.pack
                ARM.CMSIS.5.8.0
                CMSIS (Common Microcontroller Software Interface Standard)
   * Component: CORE Version: 5.5.0

Package Vendor: Keil
                http://www.keil.com/pack/Keil.STM32F2xx_DFP.2.9.0.pack
                Keil.STM32F2xx_DFP.2.9.0
                STMicroelectronics STM32F2 Series Device Support, Drivers and Examples

<h2>Collection of Component include folders:</h2>
  .\RTE\_IPMI_STM32F205RCTx_V1.0
  C:\Users\tao.feng\AppData\Local\Arm\Packs\ARM\CMSIS\5.8.0\CMSIS\Core\Include
  C:\Users\tao.feng\AppData\Local\Arm\Packs\Keil\STM32F2xx_DFP\2.9.0\Drivers\CMSIS\Device\ST\STM32F2xx\Include

<h2>Collection of Component Files used:</h2>

   * Component: ARM::CMSIS:CORE:5.5.0
      Include file:  CMSIS\Core\Include\tz_context.h
Build Time Elapsed:  00:00:29
</pre>
</body>
</html>
